Get oat from device
Parsing oat...
Push DB to device
./addition/DB/DB_method: 1 file pushed, 0 skipped. 2353.9 MB/s (1278388 bytes in 0.001s)
./addition/DB/DB_String: 1 file pushed, 0 skipped. 592.8 MB/s (85339 bytes in 0.000s)
Push wrapper to device
start_valgrind.sh: 1 file pushed, 0 skipped. 8.6 MB/s (852 bytes in 0.000s)
adbd is already running as root
setenforce: SELinux is disabled
wrap.com.example.jnitest: logwrapper /data/local/tmp/start_valgrind.sh
Starting: Intent { act=android.intent.action.MAIN cmp=com.example.jnitest/.MainActivity }
--------- beginning of main
D/AndroidRuntime(12486): >>>>>> START com.android.internal.os.RuntimeInit uid 0 <<<<<<
D/AndroidRuntime(12486): CheckJNI is ON
E/memtrack(12486): Couldn't load memtrack module (No such file or directory)
E/android.os.Debug(12486): failed to load memtrack module: -2
--------- beginning of system
W/InputMethodManagerService( 6173): Got RemoteException sending setActive(false) notification to pid 12423 uid 10058
D/AndroidRuntime(12486): Calling main entry com.android.commands.am.Am
I/ActivityManager( 6173): START u0 {act=android.intent.action.MAIN flg=0x10000000 cmp=com.example.jnitest/.MainActivity} from uid 0 on display 0
V/WindowManager( 6173): addAppToken: AppWindowToken{31508ff1 token=Token{388bab98 ActivityRecord{12eee17b u0 com.example.jnitest/.MainActivity t189}}} to stack=1 task=189 at 0
V/WindowManager( 6173): Adding window Window{bd055b0 u0 Starting com.example.jnitest} at 3 of 8 (after Window{323bcf2c u0 com.google.android.googlequicksearchbox/com.google.android.launcher.GEL})
D/AndroidRuntime(12486): Shutting down VM
E/ConcurrentUtils( 6589): Queue length for executor GrecoExecutor with 1 threads is now 54. Perhaps some tasks are too long, or the pool is too small.
D/gralloc_ranchu( 1132): gralloc_alloc: Creating ashmem region of size 8294400
E/art     (12486): Thread attaching while runtime is shutting down: Binder_1
I/AndroidRuntime(12486): NOTE: attach of thread 'Binder_1' failed
E/libprocessgroup(12495): failed to make and chown /acct/uid_10058: Read-only file system
W/Zygote  (12495): createProcessGroup failed, kernel missing CONFIG_CGROUP_CPUACCT?
I/art     (12495): Not late-enabling -Xcheck:jni (already on)
I/start_valgrind.sh(12508): --12509:1:debuglog DebugLog system started by Stage 1, level 2 logging requested
I/start_valgrind.sh(12508): --12509:1:launcher tool 'none' requested
I/start_valgrind.sh(12508): --12509:2:launcher   selecting platform for '/system/bin/app_process'
I/start_valgrind.sh(12508): --12509:2:launcher   selecting platform for '/system/bin/app_process'
I/start_valgrind.sh(12508): --12509:2:launcher   opened '/system/bin/app_process'
I/start_valgrind.sh(12508): --12509:2:launcher   read 4096 bytes from '/system/bin/app_process'
I/start_valgrind.sh(12508): --12509:2:launcher   selected platform 'x86-linux'
I/start_valgrind.sh(12508): --12509:1:launcher selected platform 'x86-linux'
I/start_valgrind.sh(12508): --12509:1:launcher launching /data/local/tmp/Inst/lib/valgrind/none-x86-linux
I/start_valgrind.sh(12508): --12509:1:debuglog DebugLog system started by Stage 2 (main), level 2 logging requested
I/start_valgrind.sh(12508): --12509:1:    main Welcome to Valgrind version 3.14.0 debug logging
I/start_valgrind.sh(12508): --12509:1:    main Checking current stack is plausible
I/start_valgrind.sh(12508): --12509:1:    main Checking initial stack was noted
I/start_valgrind.sh(12508): --12509:1:    main Starting the address space manager
I/start_valgrind.sh(12508): --12509:2: aspacem           sp_at_startup = 0x00bfd7ec80 (supplied)
I/start_valgrind.sh(12508): --12509:2: aspacem                 minAddr = 0x0004000000 (computed)
I/start_valgrind.sh(12508): --12509:2: aspacem                 maxAddr = 0x00bfd7dfff (computed)
I/start_valgrind.sh(12508): --12509:2: aspacem                  cStart = 0x0004000000 (computed)
I/start_valgrind.sh(12508): --12509:2: aspacem                  vStart = 0x0061ebf000 (computed)
I/start_valgrind.sh(12508): --12509:2: aspacem   suggested_clstack_end = 0x00bed7efff (computed)
I/start_valgrind.sh(12508): --12509:2: aspacem   <<< SHOW_SEGMENTS: Initial layout (5 segments)
I/start_valgrind.sh(12508): --12509:2: aspacem   0 segment names in 0 slots
I/start_valgrind.sh(12508): --12509:2: aspacem   freelist is empty
I/start_valgrind.sh(12508): --12509:2: aspacem     0: RSVN 0000000000-0003ffffff     64m ----- SmFixed
I/start_valgrind.sh(12508): --12509:2: aspacem     1:      0004000000-0061ebefff   1502m
I/start_valgrind.sh(12508): --12509:2: aspacem     2: RSVN 0061ebf000-0061ebffff    4096 ----- SmFixed
I/start_valgrind.sh(12508): --12509:2: aspacem     3:      0061ec0000-00bfd7dfff   1502m
I/start_valgrind.sh(12508): --12509:2: aspacem     4: RSVN 00bfd7e000-00ffffffff   1026m ----- SmFixed
I/start_valgrind.sh(12508): --12509:2: aspacem   >>>
I/start_valgrind.sh(12508): --12509:2: aspacem   Reading /proc/self/maps
I/start_valgrind.sh(12508): --12509:2: aspacem   <<< SHOW_SEGMENTS: With contents of /proc/self/maps (12 segments)
I/start_valgrind.sh(12508): --12509:2: aspacem   1 segment names in 1 slots
I/start_valgrind.sh(12508): --12509:2: aspacem   freelist is empty
I/start_valgrind.sh(12508): --12509:2: aspacem   (0,4,3) /data/local/tmp/Inst/lib/valgrind/none-x86-linux
I/start_valgrind.sh(12508): --12509:2: aspacem     0: RSVN 0000000000-0003ffffff     64m ----- SmFixed
I/start_valgrind.sh(12508): --12509:2: aspacem     1:      0004000000-0057ffffff   1344m
I/start_valgrind.sh(12508): --12509:2: aspacem     2: FILE 0058000000-005822cfff 2281472 r-x-- d=0xfd20 i=65888   o=0       (0,4)
I/start_valgrind.sh(12508): --12509:2: aspacem     3: FILE 005822d000-005822efff    8192 rw--- d=0xfd20 i=65888   o=2277376 (0,4)
I/start_valgrind.sh(12508): --12509:2: aspacem     4: ANON 005822f000-0058a2efff 8388608 rw---
I/start_valgrind.sh(12508): --12509:2: aspacem     5:      0058a2f000-0061ebefff    148m
I/start_valgrind.sh(12508): --12509:2: aspacem     6: RSVN 0061ebf000-0061ebffff    4096 ----- SmFixed
I/start_valgrind.sh(12508): --12509:2: aspacem     7:      0061ec0000-00b7721fff   1368m
I/start_valgrind.sh(12508): --12509:2: aspacem     8: ANON 00b7722000-00b7722fff    4096 r-x--
I/start_valgrind.sh(12508): --12509:2: aspacem     9:      00b7723000-00bfd5efff    134m
I/start_valgrind.sh(12508): --12509:2: aspacem    10: ANON 00bfd5f000-00bfd7ffff  135168 rw---
I/start_valgrind.sh(12508): --12509:2: aspacem    11: RSVN 00bfd80000-00ffffffff   1026m ----- SmFixed
I/start_valgrind.sh(12508): --12509:2: aspacem   >>>
I/start_valgrind.sh(12508): --12509:1:    main Address space manager is running
I/start_valgrind.sh(12508): --12509:1:    main Starting the dynamic memory manager
I/start_valgrind.sh(12508): --12509:1:mallocfr newSuperblock at 0x61EC0000 (pszB 4194288)  owner VALGRIND/core
I/start_valgrind.sh(12508): --12509:1:mallocfr deferred_reclaimSuperblock at 0x61EC0000 (pszB 4194288)  (prev 0x0) owner VALGRIND/core
I/start_valgrind.sh(12508): --12509:1:    main Dynamic memory manager is running
I/start_valgrind.sh(12508): --12509:1:    main Initialise m_debuginfo
I/start_valgrind.sh(12508): --12509:1:    main VG_(libdir) = /data/local/tmp/Inst/lib/valgrind
I/start_valgrind.sh(12508): --12509:1:    main Getting launcher's name ...
I/start_valgrind.sh(12508): --12509:1:    main ... /data/local/tmp/Inst/bin/valgrind
I/start_valgrind.sh(12508): --12509:1:    main Get hardware capabilities ...
I/start_valgrind.sh(12508): --12509:1:   cache Autodetected cache info is sensible
I/start_valgrind.sh(12508): --12509:1:   cache Cache info:
I/start_valgrind.sh(12508): --12509:1:   cache   #levels = 3
I/start_valgrind.sh(12508): --12509:1:   cache   #caches = 4
I/start_valgrind.sh(12508): --12509:1:   cache      cache #0:
I/start_valgrind.sh(12508): --12509:1:   cache         kind = unified
I/start_valgrind.sh(12508): --12509:1:   cache         level = 3
I/start_valgrind.sh(12508): --12509:1:   cache         size = 16777216 bytes
I/start_valgrind.sh(12508): --12509:1:   cache         linesize = 64 bytes
I/start_valgrind.sh(12508): --12509:1:   cache         assoc = 16
I/start_valgrind.sh(12508): --12509:1:   cache      cache #1:
I/start_valgrind.sh(12508): --12509:1:   cache         kind = unified
I/start_valgrind.sh(12508): --12509:1:   cache         level = 2
I/start_valgrind.sh(12508): --12509:1:   cache         size = 2097152 bytes
I/start_valgrind.sh(12508): --12509:1:   cache         linesize = 64 bytes
I/start_valgrind.sh(12508): --12509:1:   cache         assoc = 8
I/start_valgrind.sh(12508): --12509:1:   cache      cache #2:
I/start_valgrind.sh(12508): --12509:1:   cache         kind = insn
I/start_valgrind.sh(12508): --12509:1:   cache         level = 1
I/start_valgrind.sh(12508): --12509:1:   cache         size = 32768 bytes
I/start_valgrind.sh(12508): --12509:1:   cache         linesize = 64 bytes
I/start_valgrind.sh(12508): --12509:1:   cache         assoc = 8
I/start_valgrind.sh(12508): --12509:1:   cache      cache #3:
I/start_valgrind.sh(12508): --12509:1:   cache         kind = data
I/start_valgrind.sh(12508): --12509:1:   cache         level = 1
I/start_valgrind.sh(12508): --12509:1:   cache         size = 32768 bytes
I/start_valgrind.sh(12508): --12509:1:   cache         linesize = 64 bytes
I/start_valgrind.sh(12508): --12509:1:   cache         assoc = 8
I/start_valgrind.sh(12508): --12509:1:    main ... arch = X86, hwcaps = x86-mmxext-sse1-sse2-sse3
I/start_valgrind.sh(12508): --12509:1:    main Getting the working directory at startup
I/start_valgrind.sh(12508): --12509:1:    main ... /
I/start_valgrind.sh(12508): --12509:1:    main Split up command line
I/start_valgrind.sh(12508): --12509:1:    main (early_) Process Valgrind's command line options
I/start_valgrind.sh(12508): --12509:1:    main Create initial image
I/start_valgrind.sh(12508): --12509:1: initimg Loading client
I/start_valgrind.sh(12508): --12509:1: initimg Loading client1
I/start_valgrind.sh(12508): --12509:1: initimg Loading client2
I/start_valgrind.sh(12508): --12509:1: initimg Loading client3
I/start_valgrind.sh(12508): Num 1Num 2exe name: /system/bin/app_process
I/start_valgrind.sh(12508): args_exename :/system/bin/app_process
I/start_valgrind.sh(12508): Num 3--12509:1: initimg Loading client4
I/start_valgrind.sh(12508): --12509:1: initimg Setup client env
I/start_valgrind.sh(12508): --12509:2: initimg   preload_string:
I/start_valgrind.sh(12508): --12509:2: initimg     "/data/local/tmp/Inst/lib/valgrind/vgpreload_core-x86-linux.so"
I/start_valgrind.sh(12508): --12509:1: initimg current stack limit is :  8388608
I/start_valgrind.sh(12508): --12509:1: initimg Setup client stack: size will be 8388608
I/start_valgrind.sh(12508): --12509:2: initimg   Client info: initial_IP=0x4009CD0 initial_TOC=0x0 brk_base=0x10E000
I/start_valgrind.sh(12508): --12509:2: initimg   Client info: initial_SP=0xBED7EA20 max_stack_size=8388608
I/start_valgrind.sh(12508): --12509:1: initimg Setup client data (brk) segment
I/start_valgrind.sh(12508): --12509:1:    main Setup file descriptors
I/start_valgrind.sh(12508): --12509:1:    main Create fake /proc/<pid>/cmdline
I/start_valgrind.sh(12508): --12509:1:    main Create fake /proc/<pid>/auxv
I/start_valgrind.sh(12508): --12509:1:    main Initialise the tool part 1 (pre_clo_init)
I/start_valgrind.sh(12508): --12509:1:    main Print help and quit, if requested
I/start_valgrind.sh(12508): --12509:1:    main (main_) Process Valgrind's command line options, setup logging
I/start_valgrind.sh(12508): --12509:1:    main Print the preamble...
I/start_valgrind.sh(12508): --12509:1:    main ...finished the preamble
I/start_valgrind.sh(12508): --12509:1:    main Initialise the tool part 2 (post_clo_init)
I/start_valgrind.sh(12508): --12509:1:    main Initialise TT/TC
I/start_valgrind.sh(12508): --12509:1:    main Initialise redirects
I/start_valgrind.sh(12508): --12509:1:mallocfr deferred_reclaimSuperblock NULL (prev 0x61EC0000) owner VALGRIND/core
I/start_valgrind.sh(12508): --12509:1:mallocfr newSuperblock at 0x6233B000 (pszB 1048560)  owner VALGRIND/dinfo
I/start_valgrind.sh(12508): --12509:1:    main Load initial debug info
I/start_valgrind.sh(12508): --12509:1:mallocfr newSuperblock at 0x6243B000 (pszB   65520)  owner VALGRIND/demangle
I/start_valgrind.sh(12508): --12509:1:hashtabl resizing table `di.storage.addStr.1' from 769 to 1543 (total elems 770)
I/start_valgrind.sh(12508): --12509:1:hashtabl resizing table `di.storage.addStr.1' from 1543 to 3079 (total elems 1544)
I/start_valgrind.sh(12508): --12509:1:hashtabl resizing table `di.storage.addStr.1' from 3079 to 6151 (total elems 3080)
I/start_valgrind.sh(12508): --12509:1:mallocfr newSuperblock at 0x6244B000 (pszB 1048560)  owner VALGRIND/dinfo
I/start_valgrind.sh(12508): --12509:1:mallocfr newSuperblock at 0x6254B000 (pszB 1048560)  owner VALGRIND/dinfo
I/start_valgrind.sh(12508): --12509:1:mallocfr newSuperblock at 0x6264B000 (pszB 1048560)  owner VALGRIND/dinfo
I/start_valgrind.sh(12508): --12509:1:mallocfr newSuperblock at 0x6274B000 (pszB 1048560)  owner VALGRIND/dinfo
I/start_valgrind.sh(12508): --12509:1:mallocfr deferred_reclaimSuperblock at 0x6254B000 (pszB 1048560)  (prev 0x0) owner VALGRIND/dinfo
I/start_valgrind.sh(12508): --12509:1:mallocfr deferred_reclaimSuperblock at 0x6254B000 (pszB 1048560)  (prev 0x6254B000) owner VALGRIND/dinfo
I/start_valgrind.sh(12508): --12509:1:mallocfr deferred_reclaimSuperblock at 0x6244B000 (pszB 1048560)  (prev 0x6254B000) owner VALGRIND/dinfo
I/start_valgrind.sh(12508): --12509:1:mallocfr reclaimSuperblock at 0x6254B000 (pszB 1048560)  owner VALGRIND/dinfo
I/start_valgrind.sh(12508): --12509:1:   redir transfer ownership V -> C of 0x5807c000 .. 0x5807cfff
I/start_valgrind.sh(12508): --12509:1:    main Initialise scheduler (phase 1)
I/start_valgrind.sh(12508): --12509:1:   sched sched_init_phase1
I/start_valgrind.sh(12508): --12509:1:    main Tell tool about initial permissions
I/start_valgrind.sh(12508): --12509:2:    main   tell tool about 0000108000-000010bfff r-x
I/start_valgrind.sh(12508): --12509:2:    main   tell tool about 000010c000-000010cfff rw-
I/start_valgrind.sh(12508): --12509:2:    main   tell tool about 000010d000-000010dfff rw-
I/start_valgrind.sh(12508): --12509:2:    main   tell tool about 0004000000-0004015fff r-x
I/start_valgrind.sh(12508): --12509:2:    main   tell tool about 0004017000-0004018fff rw-
I/start_valgrind.sh(12508): --12509:2:    main   tell tool about 0004019000-0004019fff rw-
I/start_valgrind.sh(12508): --12509:2:    main   tell tool about 000401a000-000401afff rwx
I/start_valgrind.sh(12508): --12509:2:    main   tell tool about 005807c000-005807cfff r-x
I/start_valgrind.sh(12508): --12509:2:    main   tell tool about 00bed7e000-00bed7efff rwx
I/start_valgrind.sh(12508): --12509:2:    main   mark stack inaccessible 00bed7e000-00bed7ea1f
I/start_valgrind.sh(12508): --12509:1:    main Initialise scheduler (phase 2)
I/start_valgrind.sh(12508): --12509:1:   sched sched_init_phase2: tid_main=1, cls_end=0xbed7efff, cls_sz=8388608
I/start_valgrind.sh(12508): --12509:1:    main Finalise initial image
I/start_valgrind.sh(12508): --12509:1:    main Initialise signal management
I/start_valgrind.sh(12508): --12509:2:  stacks   register [start-end] [0xBED7E000-0xBED7EFFF] as stack 0
I/start_valgrind.sh(12508): --12509:1:    main 
I/start_valgrind.sh(12508): --12509:1:    main 
I/start_valgrind.sh(12508): --12509:1: aspacem <<< SHOW_SEGMENTS: Memory layout at client startup (28 segments)
I/start_valgrind.sh(12508): --12509:1: aspacem 3 segment names in 3 slots
I/start_valgrind.sh(12508): --12509:1: aspacem freelist is empty
I/start_valgrind.sh(12508): --12509:1: aspacem (0,4,5) /data/local/tmp/Inst/lib/valgrind/none-x86-linux
I/start_valgrind.sh(12508): --12509:1: aspacem (1,57,3) /system/bin/app_process32
I/start_valgrind.sh(12508): --12509:1: aspacem (2,87,3) /system/bin/linker
I/start_valgrind.sh(12508): --12509:1: aspacem   0: RSVN 0000000000-0000107fff 1081344 ----- SmFixed
I/start_valgrind.sh(12508): --12509:1: aspacem   1: file 0000108000-000010bfff   16384 r-x-- d=0xfd00 i=205     o=0       (1,57)
I/start_valgrind.sh(12508): --12509:1: aspacem   2: file 000010c000-000010cfff    4096 rw--- d=0xfd00 i=205     o=12288   (1,57)
I/start_valgrind.sh(12508): --12509:1: aspacem   3: anon 000010d000-000010dfff    4096 rw---
I/start_valgrind.sh(12508): --12509:1: aspacem   4: RSVN 000010e000-0003ffffff     62m ----- SmFixed
I/start_valgrind.sh(12508): --12509:1: aspacem   5: file 0004000000-0004015fff   90112 r-x-- d=0xfd00 i=271     o=0       (2,87)
I/start_valgrind.sh(12508): --12509:1: aspacem   6:      0004016000-0004016fff    4096
I/start_valgrind.sh(12508): --12509:1: aspacem   7: file 0004017000-0004018fff    8192 rw--- d=0xfd00 i=271     o=90112   (2,87)
I/start_valgrind.sh(12508): --12509:1: aspacem   8: anon 0004019000-0004019fff    4096 rw---
I/start_valgrind.sh(12508): --12509:1: aspacem   9: anon 000401a000-000401afff    4096 rwx--
I/start_valgrind.sh(12508): --12509:1: aspacem  10: RSVN 000401b000-0004819fff 8384512 ----- SmLower
I/start_valgrind.sh(12508): --12509:1: aspacem  11:      000481a000-0057ffffff   1335m
I/start_valgrind.sh(12508): --12509:1: aspacem  12: FILE 0058000000-005807bfff  507904 r-x-- d=0xfd20 i=65888   o=0       (0,4)
I/start_valgrind.sh(12508): --12509:1: aspacem  13: file 005807c000-005807cfff    4096 r-x-- d=0xfd20 i=65888   o=507904  (0,4)
I/start_valgrind.sh(12508): --12509:1: aspacem  14: FILE 005807d000-005822cfff 1769472 r-x-- d=0xfd20 i=65888   o=512000  (0,4)
I/start_valgrind.sh(12508): --12509:1: aspacem  15: FILE 005822d000-005822efff    8192 rw--- d=0xfd20 i=65888   o=2277376 (0,4)
I/start_valgrind.sh(12508): --12509:1: aspacem  16: ANON 005822f000-0058a2efff 8388608 rw---
I/start_valgrind.sh(12508): --12509:1: aspacem  17:      0058a2f000-0061ebefff    148m
I/start_valgrind.sh(12508): --12509:1: aspacem  18: RSVN 0061ebf000-0061ebffff    4096 ----- SmFixed
I/start_valgrind.sh(12508): --12509:1: aspacem  19: ANON 0061ec0000-006254afff 6860800 rwx--
I/start_valgrind.sh(12508): --12509:1: aspacem  20:      006254b000-006264afff 1048576
I/start_valgrind.sh(12508): --12509:1: aspacem  21: ANON 006264b000-006284afff 2097152 rwx--
I/start_valgrind.sh(12508): --12509:1: aspacem  22:      006284b000-00be57efff   1469m
I/start_valgrind.sh(12508): --12509:1: aspacem  23: RSVN 00be57f000-00bed7dfff 8384512 ----- SmUpper
I/start_valgrind.sh(12508): --12509:1: aspacem  24: anon 00bed7e000-00bed7efff    4096 rwx--
I/start_valgrind.sh(12508): --12509:1: aspacem  25:      00bed7f000-00bfd5efff     15m
I/start_valgrind.sh(12508): --12509:1: aspacem  26: ANON 00bfd5f000-00bfd7ffff  135168 rw---
I/start_valgrind.sh(12508): --12509:1: aspacem  27: RSVN 00bfd80000-00ffffffff   1026m ----- SmFixed
I/start_valgrind.sh(12508): --12509:1: aspacem >>>
I/start_valgrind.sh(12508): --12509:1:    main 
I/start_valgrind.sh(12508): --12509:1:    main 
I/start_valgrind.sh(12508): --12509:1:    main Running thread 1
I/start_valgrind.sh(12508): --12509:1:syswrap- entering VG_(main_thread_wrapper_NORETURN)
I/start_valgrind.sh(12508): --12509:1: aspacem allocated valgrind thread stack at 0x6284b000 size 1064960
I/start_valgrind.sh(12508): --12509:1:syswrap- run_a_thread_NORETURN(tid=1): pre-thread_wrapper
I/start_valgrind.sh(12508): --12509:1:syswrap- thread_wrapper(tid=1): entry
I/start_valgrind.sh(12508): --12509:1:mallocfr deferred_reclaimSuperblock NULL (prev 0x6244B000) owner VALGRIND/dinfo
I/start_valgrind.sh(12508): --12509:1:mallocfr reclaimSuperblock at 0x6244B000 (pszB 1048560)  owner VALGRIND/dinfo
I/start_valgrind.sh(12508): --12509:1:mallocfr newSuperblock at 0x6244B000 (pszB   65520)  owner VALGRIND/ttaux
I/start_valgrind.sh(12508): --12509:1: signals extending a stack base 0xbed7e000 down by 4096 new base 0xbed7d000 to cover 0xbed7d000
I/start_valgrind.sh(12508): --12509:2:  stacks   change stack 0 from [0xBED7E000-0xBED7EFFF] to [0xBED7D000-0xBED7EFFF]
W/linker  (12509): Unsupported flags DT_FLAGS_1=0x421
I/start_valgrind.sh(12508): WARNING: linker: Unsupported flags DT_FLAGS_1=0x421
I/start_valgrind.sh(12508): --12509:1:mallocfr newSuperblock at 0x63895000 (pszB 1048560)  owner VALGRIND/dinfo
I/start_valgrind.sh(12508): --12509:1:mallocfr deferred_reclaimSuperblock at 0x63895000 (pszB 1048560)  (prev 0x0) owner VALGRIND/dinfo
I/start_valgrind.sh(12508): --12509:1:hashtabl resizing table `di.storage.addStr.1' from 769 to 1543 (total elems 770)
I/start_valgrind.sh(12508): --12509:1:mallocfr deferred_reclaimSuperblock at 0x63895000 (pszB 1048560)  (prev 0x63895000) owner VALGRIND/dinfo
I/start_valgrind.sh(12508): --12509:1:mallocfr deferred_reclaimSuperblock at 0x63895000 (pszB 1048560)  (prev 0x63895000) owner VALGRIND/dinfo
I/start_valgrind.sh(12508): --12509:1:hashtabl resizing table `di.storage.addStr.1' from 769 to 1543 (total elems 770)
I/start_valgrind.sh(12508): --12509:1:mallocfr deferred_reclaimSuperblock at 0x63895000 (pszB 1048560)  (prev 0x63895000) owner VALGRIND/dinfo
I/start_valgrind.sh(12508): --12509:1:hashtabl resizing table `di.storage.addStr.1' from 769 to 1543 (total elems 770)
I/start_valgrind.sh(12508): --12509:1:hashtabl resizing table `di.storage.addStr.1' from 1543 to 3079 (total elems 1544)
I/start_valgrind.sh(12508): --12509:1:mallocfr deferred_reclaimSuperblock at 0x63895000 (pszB 1048560)  (prev 0x63895000) owner VALGRIND/dinfo
I/start_valgrind.sh(12508): --12509:1:mallocfr deferred_reclaimSuperblock at 0x63895000 (pszB 1048560)  (prev 0x63895000) owner VALGRIND/dinfo
I/start_valgrind.sh(12508): --12509:1:mallocfr deferred_reclaimSuperblock at 0x63895000 (pszB 1048560)  (prev 0x63895000) owner VALGRIND/dinfo
I/start_valgrind.sh(12508): --12509:1:hashtabl resizing table `di.storage.addStr.1' from 769 to 1543 (total elems 770)
I/start_valgrind.sh(12508): --12509:1:mallocfr deferred_reclaimSuperblock at 0x63895000 (pszB 1048560)  (prev 0x63895000) owner VALGRIND/dinfo
I/start_valgrind.sh(12508): --12509:1:hashtabl resizing table `di.storage.addStr.1' from 769 to 1543 (total elems 770)
I/start_valgrind.sh(12508): --12509:1:hashtabl resizing table `di.storage.addStr.1' from 1543 to 3079 (total elems 1544)
I/start_valgrind.sh(12508): --12509:1:hashtabl resizing table `di.storage.addStr.1' from 3079 to 6151 (total elems 3080)
I/start_valgrind.sh(12508): --12509:1:mallocfr deferred_reclaimSuperblock at 0x63895000 (pszB 1048560)  (prev 0x63895000) owner VALGRIND/dinfo
I/start_valgrind.sh(12508): --12509:1:mallocfr deferred_reclaimSuperblock at 0x63895000 (pszB 1048560)  (prev 0x63895000) owner VALGRIND/dinfo
I/start_valgrind.sh(12508): --12509:1:mallocfr deferred_reclaimSuperblock at 0x63895000 (pszB 1048560)  (prev 0x63895000) owner VALGRIND/dinfo
I/start_valgrind.sh(12508): --12509:1:mallocfr deferred_reclaimSuperblock at 0x63895000 (pszB 1048560)  (prev 0x63895000) owner VALGRIND/dinfo
I/start_valgrind.sh(12508): --12509:1:hashtabl resizing table `di.storage.addStr.1' from 769 to 1543 (total elems 770)
I/start_valgrind.sh(12508): --12509:1:mallocfr deferred_reclaimSuperblock at 0x63895000 (pszB 1048560)  (prev 0x63895000) owner VALGRIND/dinfo
I/start_valgrind.sh(12508): --12509:1:mallocfr deferred_reclaimSuperblock at 0x63895000 (pszB 1048560)  (prev 0x63895000) owner VALGRIND/dinfo
I/start_valgrind.sh(12508): --12509:1:mallocfr deferred_reclaimSuperblock at 0x63895000 (pszB 1048560)  (prev 0x63895000) owner VALGRIND/dinfo
I/start_valgrind.sh(12508): --12509:1:mallocfr deferred_reclaimSuperblock NULL (prev 0x63895000) owner VALGRIND/dinfo
I/start_valgrind.sh(12508): --12509:1:mallocfr newSuperblock at 0x63995000 (pszB 1048560)  owner VALGRIND/dinfo
I/start_valgrind.sh(12508): --12509:1:mallocfr deferred_reclaimSuperblock at 0x63995000 (pszB 1048560)  (prev 0x0) owner VALGRIND/dinfo
I/start_valgrind.sh(12508): --12509:1:mallocfr deferred_reclaimSuperblock at 0x63895000 (pszB 1048560)  (prev 0x63995000) owner VALGRIND/dinfo
I/start_valgrind.sh(12508): --12509:1:mallocfr reclaimSuperblock at 0x63995000 (pszB 1048560)  owner VALGRIND/dinfo
I/start_valgrind.sh(12508): --12509:1:hashtabl resizing table `di.storage.addStr.1' from 769 to 1543 (total elems 770)
I/start_valgrind.sh(12508): --12509:1:hashtabl resizing table `di.storage.addStr.1' from 1543 to 3079 (total elems 1544)
I/start_valgrind.sh(12508): --12509:1:hashtabl resizing table `di.storage.addStr.1' from 3079 to 6151 (total elems 3080)
I/start_valgrind.sh(12508): --12509:1:mallocfr deferred_reclaimSuperblock at 0x63895000 (pszB 1048560)  (prev 0x63895000) owner VALGRIND/dinfo
I/start_valgrind.sh(12508): --12509:1:mallocfr deferred_reclaimSuperblock at 0x63895000 (pszB 1048560)  (prev 0x63895000) owner VALGRIND/dinfo
I/start_valgrind.sh(12508): --12509:1:hashtabl resizing table `di.storage.addStr.1' from 769 to 1543 (total elems 770)
I/start_valgrind.sh(12508): --12509:1:hashtabl resizing table `di.storage.addStr.1' from 1543 to 3079 (total elems 1544)
I/start_valgrind.sh(12508): --12509:1:mallocfr deferred_reclaimSuperblock at 0x63895000 (pszB 1048560)  (prev 0x63895000) owner VALGRIND/dinfo
I/start_valgrind.sh(12508): --12509:1:hashtabl resizing table `di.storage.addStr.1' from 769 to 1543 (total elems 770)
I/start_valgrind.sh(12508): --12509:1:mallocfr deferred_reclaimSuperblock at 0x63895000 (pszB 1048560)  (prev 0x63895000) owner VALGRIND/dinfo
I/start_valgrind.sh(12508): --12509:1:hashtabl resizing table `di.storage.addStr.1' from 769 to 1543 (total elems 770)
I/start_valgrind.sh(12508): --12509:1:hashtabl resizing table `di.storage.addStr.1' from 1543 to 3079 (total elems 1544)
I/start_valgrind.sh(12508): --12509:1:mallocfr deferred_reclaimSuperblock at 0x63895000 (pszB 1048560)  (prev 0x63895000) owner VALGRIND/dinfo
I/start_valgrind.sh(12508): --12509:1:mallocfr deferred_reclaimSuperblock NULL (prev 0x63895000) owner VALGRIND/dinfo
I/start_valgrind.sh(12508): --12509:1:mallocfr newSuperblock at 0x63995000 (pszB 1048560)  owner VALGRIND/dinfo
I/start_valgrind.sh(12508): --12509:1:mallocfr newSuperblock at 0x63A95000 (pszB 1048560)  owner VALGRIND/dinfo
I/start_valgrind.sh(12508): --12509:1:mallocfr newSuperblock at 0x63B95000 (pszB 1048560)  owner VALGRIND/dinfo
I/start_valgrind.sh(12508): --12509:1:mallocfr newSuperblock at 0x63C95000 (pszB 1048560)  owner VALGRIND/dinfo
I/start_valgrind.sh(12508): --12509:1:mallocfr deferred_reclaimSuperblock at 0x63C95000 (pszB 1048560)  (prev 0x0) owner VALGRIND/dinfo
I/start_valgrind.sh(12508): --12509:1:mallocfr deferred_reclaimSuperblock at 0x63B95000 (pszB 1048560)  (prev 0x63C95000) owner VALGRIND/dinfo
I/start_valgrind.sh(12508): --12509:1:mallocfr reclaimSuperblock at 0x63C95000 (pszB 1048560)  owner VALGRIND/dinfo
I/start_valgrind.sh(12508): --12509:1:mallocfr deferred_reclaimSuperblock at 0x63A95000 (pszB 1048560)  (prev 0x63B95000) owner VALGRIND/dinfo
I/start_valgrind.sh(12508): --12509:1:mallocfr reclaimSuperblock at 0x63B95000 (pszB 1048560)  owner VALGRIND/dinfo
I/start_valgrind.sh(12508): --12509:1:mallocfr deferred_reclaimSuperblock at 0x63995000 (pszB 1048560)  (prev 0x63A95000) owner VALGRIND/dinfo
I/start_valgrind.sh(12508): --12509:1:mallocfr reclaimSuperblock at 0x63A95000 (pszB 1048560)  owner VALGRIND/dinfo
I/start_valgrind.sh(12508): --12509:1:mallocfr deferred_reclaimSuperblock at 0x63895000 (pszB 1048560)  (prev 0x63995000) owner VALGRIND/dinfo
I/start_valgrind.sh(12508): --12509:1:mallocfr reclaimSuperblock at 0x63995000 (pszB 1048560)  owner VALGRIND/dinfo
I/start_valgrind.sh(12508): --12509:1:hashtabl resizing table `di.storage.addStr.1' from 769 to 1543 (total elems 770)
I/start_valgrind.sh(12508): --12509:1:hashtabl resizing table `di.storage.addStr.1' from 1543 to 3079 (total elems 1544)
I/start_valgrind.sh(12508): --12509:1:hashtabl resizing table `di.storage.addStr.1' from 3079 to 6151 (total elems 3080)
I/start_valgrind.sh(12508): --12509:1:mallocfr deferred_reclaimSuperblock NULL (prev 0x63895000) owner VALGRIND/dinfo
I/start_valgrind.sh(12508): --12509:1:mallocfr newSuperblock at 0x63995000 (pszB 1048560)  owner VALGRIND/dinfo
I/start_valgrind.sh(12508): --12509:1:hashtabl resizing table `di.storage.DiCfSI_m_pool' from 769 to 1543 (total elems 770)
I/start_valgrind.sh(12508): --12509:1:mallocfr deferred_reclaimSuperblock at 0x63995000 (pszB 1048560)  (prev 0x0) owner VALGRIND/dinfo
I/start_valgrind.sh(12508): --12509:1:mallocfr deferred_reclaimSuperblock at 0x63895000 (pszB 1048560)  (prev 0x63995000) owner VALGRIND/dinfo
I/start_valgrind.sh(12508): --12509:1:mallocfr reclaimSuperblock at 0x63995000 (pszB 1048560)  owner VALGRIND/dinfo
I/start_valgrind.sh(12508): --12509:1:mallocfr deferred_reclaimSuperblock NULL (prev 0x63895000) owner VALGRIND/dinfo
I/start_valgrind.sh(12508): --12509:1:mallocfr newSuperblock at 0x63995000 (pszB 1048560)  owner VALGRIND/dinfo
I/start_valgrind.sh(12508): --12509:1:mallocfr newSuperblock at 0x63A95000 (pszB 1048560)  owner VALGRIND/dinfo
I/start_valgrind.sh(12508): --12509:1:mallocfr newSuperblock at 0x63B95000 (pszB 1048560)  owner VALGRIND/dinfo
I/start_valgrind.sh(12508): --12509:1:mallocfr deferred_reclaimSuperblock at 0x63B95000 (pszB 1048560)  (prev 0x0) owner VALGRIND/dinfo
I/start_valgrind.sh(12508): --12509:1:mallocfr deferred_reclaimSuperblock at 0x63A95000 (pszB 1048560)  (prev 0x63B95000) owner VALGRIND/dinfo
I/start_valgrind.sh(12508): --12509:1:mallocfr reclaimSuperblock at 0x63B95000 (pszB 1048560)  owner VALGRIND/dinfo
I/start_valgrind.sh(12508): --12509:1:mallocfr deferred_reclaimSuperblock at 0x63995000 (pszB 1048560)  (prev 0x63A95000) owner VALGRIND/dinfo
I/start_valgrind.sh(12508): --12509:1:mallocfr reclaimSuperblock at 0x63A95000 (pszB 1048560)  owner VALGRIND/dinfo
I/start_valgrind.sh(12508): --12509:1:mallocfr deferred_reclaimSuperblock at 0x63895000 (pszB 1048560)  (prev 0x63995000) owner VALGRIND/dinfo
I/start_valgrind.sh(12508): --12509:1:mallocfr reclaimSuperblock at 0x63995000 (pszB 1048560)  owner VALGRIND/dinfo
I/start_valgrind.sh(12508): --12509:1:hashtabl resizing table `di.storage.addStr.1' from 769 to 1543 (total elems 770)
I/start_valgrind.sh(12508): --12509:1:hashtabl resizing table `di.storage.addStr.1' from 1543 to 3079 (total elems 1544)
I/start_valgrind.sh(12508): --12509:1:hashtabl resizing table `di.storage.addStr.1' from 3079 to 6151 (total elems 3080)
I/start_valgrind.sh(12508): --12509:1:hashtabl resizing table `di.storage.addStr.1' from 6151 to 12289 (total elems 6152)
I/start_valgrind.sh(12508): --12509:1:mallocfr deferred_reclaimSuperblock NULL (prev 0x63895000) owner VALGRIND/dinfo
I/start_valgrind.sh(12508): --12509:1:mallocfr newSuperblock at 0x63995000 (pszB 1048560)  owner VALGRIND/dinfo
I/start_valgrind.sh(12508): --12509:1:mallocfr newSuperblock at 0x63A95000 (pszB 1048560)  owner VALGRIND/dinfo
I/start_valgrind.sh(12508): --12509:1:mallocfr newSuperblock at 0x63B95000 (pszB 1970160) unsplittable owner VALGRIND/dinfo
I/start_valgrind.sh(12508): --12509:1:mallocfr deferred_reclaimSuperblock at 0x63A95000 (pszB 1048560)  (prev 0x0) owner VALGRIND/dinfo
I/start_valgrind.sh(12508): --12509:1:mallocfr reclaimSuperblock at 0x63B95000 (pszB 1970160) unsplittable owner VALGRIND/dinfo
I/start_valgrind.sh(12508): --12509:1:mallocfr deferred_reclaimSuperblock at 0x63995000 (pszB 1048560)  (prev 0x63A95000) owner VALGRIND/dinfo
I/start_valgrind.sh(12508): --12509:1:mallocfr reclaimSuperblock at 0x63A95000 (pszB 1048560)  owner VALGRIND/dinfo
I/start_valgrind.sh(12508): --12509:1:mallocfr deferred_reclaimSuperblock at 0x63895000 (pszB 1048560)  (prev 0x63995000) owner VALGRIND/dinfo
I/start_valgrind.sh(12508): --12509:1:mallocfr reclaimSuperblock at 0x63995000 (pszB 1048560)  owner VALGRIND/dinfo
I/start_valgrind.sh(12508): --12509:1:mallocfr deferred_reclaimSuperblock at 0x63895000 (pszB 1048560)  (prev 0x63895000) owner VALGRIND/dinfo
I/start_valgrind.sh(12508): --12509:1:mallocfr deferred_reclaimSuperblock at 0x63895000 (pszB 1048560)  (prev 0x63895000) owner VALGRIND/dinfo
I/start_valgrind.sh(12508): --12509:1:mallocfr deferred_reclaimSuperblock at 0x63895000 (pszB 1048560)  (prev 0x63895000) owner VALGRIND/dinfo
I/start_valgrind.sh(12508): --12509:1:hashtabl resizing table `di.storage.addStr.1' from 769 to 1543 (total elems 770)
I/start_valgrind.sh(12508): --12509:1:mallocfr deferred_reclaimSuperblock at 0x63895000 (pszB 1048560)  (prev 0x63895000) owner VALGRIND/dinfo
I/start_valgrind.sh(12508): --12509:1:hashtabl resizing table `di.storage.addStr.1' from 769 to 1543 (total elems 770)
I/start_valgrind.sh(12508): --12509:1:hashtabl resizing table `di.storage.addStr.1' from 1543 to 3079 (total elems 1544)
I/start_valgrind.sh(12508): --12509:1:mallocfr deferred_reclaimSuperblock at 0x63895000 (pszB 1048560)  (prev 0x63895000) owner VALGRIND/dinfo
I/start_valgrind.sh(12508): --12509:1:hashtabl resizing table `di.storage.addStr.1' from 769 to 1543 (total elems 770)
I/start_valgrind.sh(12508): --12509:1:mallocfr deferred_reclaimSuperblock at 0x63895000 (pszB 1048560)  (prev 0x63895000) owner VALGRIND/dinfo
I/start_valgrind.sh(12508): --12509:1:mallocfr deferred_reclaimSuperblock at 0x63895000 (pszB 1048560)  (prev 0x63895000) owner VALGRIND/dinfo
I/start_valgrind.sh(12508): --12509:1:hashtabl resizing table `di.storage.addStr.1' from 769 to 1543 (total elems 770)
I/start_valgrind.sh(12508): --12509:1:hashtabl resizing table `di.storage.addStr.1' from 1543 to 3079 (total elems 1544)
I/start_valgrind.sh(12508): --12509:1:mallocfr deferred_reclaimSuperblock at 0x63895000 (pszB 1048560)  (prev 0x63895000) owner VALGRIND/dinfo
I/start_valgrind.sh(12508): --12509:1:mallocfr deferred_reclaimSuperblock at 0x63895000 (pszB 1048560)  (prev 0x63895000) owner VALGRIND/dinfo
I/start_valgrind.sh(12508): --12509:1:mallocfr deferred_reclaimSuperblock at 0x63895000 (pszB 1048560)  (prev 0x63895000) owner VALGRIND/dinfo
I/start_valgrind.sh(12508): --12509:1:mallocfr deferred_reclaimSuperblock NULL (prev 0x63895000) owner VALGRIND/dinfo
I/start_valgrind.sh(12508): --12509:1:mallocfr newSuperblock at 0x63995000 (pszB 1048560)  owner VALGRIND/dinfo
I/start_valgrind.sh(12508): --12509:1:mallocfr newSuperblock at 0x63A95000 (pszB 1048560)  owner VALGRIND/dinfo
I/start_valgrind.sh(12508): --12509:1:mallocfr newSuperblock at 0x63B95000 (pszB 1048560)  owner VALGRIND/dinfo
I/start_valgrind.sh(12508): --12509:1:mallocfr newSuperblock at 0x63C95000 (pszB 1048560)  owner VALGRIND/dinfo
I/start_valgrind.sh(12508): --12509:1:mallocfr newSuperblock at 0x63D95000 (pszB 1048560)  owner VALGRIND/dinfo
I/start_valgrind.sh(12508): --12509:1:mallocfr newSuperblock at 0x63E95000 (pszB 1048560)  owner VALGRIND/dinfo
I/start_valgrind.sh(12508): --12509:1:mallocfr deferred_reclaimSuperblock at 0x63D95000 (pszB 1048560)  (prev 0x0) owner VALGRIND/dinfo
I/start_valgrind.sh(12508): --12509:1:mallocfr deferred_reclaimSuperblock at 0x63C95000 (pszB 1048560)  (prev 0x63D95000) owner VALGRIND/dinfo
I/start_valgrind.sh(12508): --12509:1:mallocfr reclaimSuperblock at 0x63D95000 (pszB 1048560)  owner VALGRIND/dinfo
I/start_valgrind.sh(12508): --12509:1:mallocfr deferred_reclaimSuperblock at 0x63B95000 (pszB 1048560)  (prev 0x63C95000) owner VALGRIND/dinfo
I/start_valgrind.sh(12508): --12509:1:mallocfr reclaimSuperblock at 0x63C95000 (pszB 1048560)  owner VALGRIND/dinfo
I/start_valgrind.sh(12508): --12509:1:mallocfr deferred_reclaimSuperblock at 0x63A95000 (pszB 1048560)  (prev 0x63B95000) owner VALGRIND/dinfo
I/start_valgrind.sh(12508): --12509:1:mallocfr reclaimSuperblock at 0x63B95000 (pszB 1048560)  owner VALGRIND/dinfo
I/start_valgrind.sh(12508): --12509:1:mallocfr deferred_reclaimSuperblock at 0x63995000 (pszB 1048560)  (prev 0x63A95000) owner VALGRIND/dinfo
I/start_valgrind.sh(12508): --12509:1:mallocfr reclaimSuperblock at 0x63A95000 (pszB 1048560)  owner VALGRIND/dinfo
I/start_valgrind.sh(12508): --12509:1:mallocfr deferred_reclaimSuperblock at 0x63895000 (pszB 1048560)  (prev 0x63995000) owner VALGRIND/dinfo
I/start_valgrind.sh(12508): --12509:1:mallocfr reclaimSuperblock at 0x63995000 (pszB 1048560)  owner VALGRIND/dinfo
I/start_valgrind.sh(12508): --12509:1:mallocfr deferred_reclaimSuperblock at 0x63E95000 (pszB 1048560)  (prev 0x63895000) owner VALGRIND/dinfo
I/start_valgrind.sh(12508): --12509:1:mallocfr reclaimSuperblock at 0x63895000 (pszB 1048560)  owner VALGRIND/dinfo
I/start_valgrind.sh(12508): --12509:1:hashtabl resizing table `di.storage.addStr.1' from 769 to 1543 (total elems 770)
I/start_valgrind.sh(12508): --12509:1:hashtabl resizing table `di.storage.addStr.1' from 1543 to 3079 (total elems 1544)
I/start_valgrind.sh(12508): --12509:1:hashtabl resizing table `di.storage.addStr.1' from 3079 to 6151 (total elems 3080)
I/start_valgrind.sh(12508): --12509:1:hashtabl resizing table `di.storage.addStr.1' from 6151 to 12289 (total elems 6152)
I/start_valgrind.sh(12508): --12509:1:mallocfr deferred_reclaimSuperblock NULL (prev 0x63E95000) owner VALGRIND/dinfo
I/start_valgrind.sh(12508): --12509:1:mallocfr newSuperblock at 0x63895000 (pszB 1048560)  owner VALGRIND/dinfo
I/start_valgrind.sh(12508): --12509:1:hashtabl resizing table `di.storage.addStr.1' from 12289 to 24593 (total elems 12290)
I/start_valgrind.sh(12508): --12509:1:mallocfr newSuperblock at 0x63995000 (pszB 1048560)  owner VALGRIND/dinfo
I/start_valgrind.sh(12508): --12509:1:mallocfr newSuperblock at 0x63A95000 (pszB 1048560)  owner VALGRIND/dinfo
I/start_valgrind.sh(12508): --12509:1:mallocfr deferred_reclaimSuperblock at 0x63995000 (pszB 1048560)  (prev 0x0) owner VALGRIND/dinfo
I/start_valgrind.sh(12508): --12509:1:mallocfr deferred_reclaimSuperblock at 0x63A95000 (pszB 1048560)  (prev 0x63995000) owner VALGRIND/dinfo
I/start_valgrind.sh(12508): --12509:1:mallocfr deferred_reclaimSuperblock at 0x63995000 (pszB 1048560)  (prev 0x63A95000) owner VALGRIND/dinfo
I/start_valgrind.sh(12508): --12509:1:mallocfr reclaimSuperblock at 0x63A95000 (pszB 1048560)  owner VALGRIND/dinfo
I/start_valgrind.sh(12508): --12509:1:mallocfr deferred_reclaimSuperblock at 0x63E95000 (pszB 1048560)  (prev 0x63995000) owner VALGRIND/dinfo
I/start_valgrind.sh(12508): --12509:1:mallocfr reclaimSuperblock at 0x63995000 (pszB 1048560)  owner VALGRIND/dinfo
I/start_valgrind.sh(12508): --12509:1:mallocfr deferred_reclaimSuperblock at 0x63895000 (pszB 1048560)  (prev 0x63E95000) owner VALGRIND/dinfo
I/start_valgrind.sh(12508): --12509:1:mallocfr reclaimSuperblock at 0x63E95000 (pszB 1048560)  owner VALGRIND/dinfo
I/start_valgrind.sh(12508): --12509:1:mallocfr deferred_reclaimSuperblock NULL (prev 0x63895000) owner VALGRIND/dinfo
I/start_valgrind.sh(12508): --12509:1:mallocfr reclaimSuperblock at 0x63895000 (pszB 1048560)  owner VALGRIND/dinfo
I/start_valgrind.sh(12508): --12509:1:mallocfr newSuperblock at 0x6245B000 (pszB   65520)  owner VALGRIND/ttaux
I/start_valgrind.sh(12508): --12509:1:mallocfr newSuperblock at 0x6246B000 (pszB   65520)  owner VALGRIND/ttaux
I/start_valgrind.sh(12508): --12509:1:mallocfr newSuperblock at 0x6247B000 (pszB   98288) unsplittable owner VALGRIND/ttaux
D/AndroidRuntime(12509): >>>>>> START com.android.internal.os.RuntimeInit uid 10058 <<<<<<
I/start_valgrind.sh(12508): --12509:1:mallocfr newSuperblock at 0x63895000 (pszB 1048560)  owner VALGRIND/dinfo
I/start_valgrind.sh(12508): --12509:1:mallocfr newSuperblock at 0x63995000 (pszB 1048560)  owner VALGRIND/dinfo
I/start_valgrind.sh(12508): --12509:1:mallocfr newSuperblock at 0x63A95000 (pszB 1048560)  owner VALGRIND/dinfo
I/start_valgrind.sh(12508): --12509:1:mallocfr newSuperblock at 0x63B95000 (pszB 1048560)  owner VALGRIND/dinfo
I/start_valgrind.sh(12508): --12509:1:mallocfr newSuperblock at 0x63C95000 (pszB 1048560)  owner VALGRIND/dinfo
I/start_valgrind.sh(12508): --12509:1:mallocfr deferred_reclaimSuperblock at 0x63C95000 (pszB 1048560)  (prev 0x0) owner VALGRIND/dinfo
I/start_valgrind.sh(12508): --12509:1:mallocfr deferred_reclaimSuperblock at 0x63B95000 (pszB 1048560)  (prev 0x63C95000) owner VALGRIND/dinfo
I/start_valgrind.sh(12508): --12509:1:mallocfr reclaimSuperblock at 0x63C95000 (pszB 1048560)  owner VALGRIND/dinfo
I/start_valgrind.sh(12508): --12509:1:mallocfr deferred_reclaimSuperblock at 0x63A95000 (pszB 1048560)  (prev 0x63B95000) owner VALGRIND/dinfo
I/start_valgrind.sh(12508): --12509:1:mallocfr reclaimSuperblock at 0x63B95000 (pszB 1048560)  owner VALGRIND/dinfo
I/start_valgrind.sh(12508): --12509:1:mallocfr deferred_reclaimSuperblock at 0x63995000 (pszB 1048560)  (prev 0x63A95000) owner VALGRIND/dinfo
I/start_valgrind.sh(12508): --12509:1:mallocfr reclaimSuperblock at 0x63A95000 (pszB 1048560)  owner VALGRIND/dinfo
I/start_valgrind.sh(12508): --12509:1:mallocfr deferred_reclaimSuperblock at 0x63895000 (pszB 1048560)  (prev 0x63995000) owner VALGRIND/dinfo
I/start_valgrind.sh(12508): --12509:1:mallocfr reclaimSuperblock at 0x63995000 (pszB 1048560)  owner VALGRIND/dinfo
I/start_valgrind.sh(12508): --12509:1:hashtabl resizing table `di.storage.addStr.1' from 769 to 1543 (total elems 770)
I/start_valgrind.sh(12508): --12509:1:hashtabl resizing table `di.storage.addStr.1' from 1543 to 3079 (total elems 1544)
I/start_valgrind.sh(12508): --12509:1:hashtabl resizing table `di.storage.addStr.1' from 3079 to 6151 (total elems 3080)
I/start_valgrind.sh(12508): --12509:1:hashtabl resizing table `di.storage.addStr.1' from 6151 to 12289 (total elems 6152)
I/start_valgrind.sh(12508): --12509:1:mallocfr deferred_reclaimSuperblock NULL (prev 0x63895000) owner VALGRIND/dinfo
I/start_valgrind.sh(12508): --12509:1:mallocfr newSuperblock at 0x63995000 (pszB 1048560)  owner VALGRIND/dinfo
I/start_valgrind.sh(12508): --12509:1:mallocfr newSuperblock at 0x63A95000 (pszB 1048560)  owner VALGRIND/dinfo
I/start_valgrind.sh(12508): --12509:1:hashtabl resizing table `di.storage.DiCfSI_m_pool' from 769 to 1543 (total elems 770)
I/start_valgrind.sh(12508): --12509:1:hashtabl resizing table `di.storage.DiCfSI_m_pool' from 1543 to 3079 (total elems 1544)
I/start_valgrind.sh(12508): --12509:1:mallocfr newSuperblock at 0x63B95000 (pszB 1048560)  owner VALGRIND/dinfo
I/start_valgrind.sh(12508): --12509:1:mallocfr deferred_reclaimSuperblock at 0x63B95000 (pszB 1048560)  (prev 0x0) owner VALGRIND/dinfo
I/start_valgrind.sh(12508): --12509:1:mallocfr deferred_reclaimSuperblock at 0x63995000 (pszB 1048560)  (prev 0x63B95000) owner VALGRIND/dinfo
I/start_valgrind.sh(12508): --12509:1:mallocfr reclaimSuperblock at 0x63B95000 (pszB 1048560)  owner VALGRIND/dinfo
I/start_valgrind.sh(12508): --12509:1:mallocfr deferred_reclaimSuperblock at 0x63A95000 (pszB 1048560)  (prev 0x63995000) owner VALGRIND/dinfo
I/start_valgrind.sh(12508): --12509:1:mallocfr reclaimSuperblock at 0x63995000 (pszB 1048560)  owner VALGRIND/dinfo
I/start_valgrind.sh(12508): --12509:1:mallocfr deferred_reclaimSuperblock at 0x63895000 (pszB 1048560)  (prev 0x63A95000) owner VALGRIND/dinfo
I/start_valgrind.sh(12508): --12509:1:mallocfr reclaimSuperblock at 0x63A95000 (pszB 1048560)  owner VALGRIND/dinfo
I/start_valgrind.sh(12508): --12509:1: signals extending a stack base 0xbed7d000 down by 4096 new base 0xbed7c000 to cover 0xbed7c000
I/start_valgrind.sh(12508): --12509:2:  stacks   change stack 0 from [0xBED7D000-0xBED7EFFF] to [0xBED7C000-0xBED7EFFF]
D/AndroidRuntime(12509): CheckJNI is ON
I/start_valgrind.sh(12508): --12509:1:mallocfr deferred_reclaimSuperblock NULL (prev 0x63895000) owner VALGRIND/dinfo
I/start_valgrind.sh(12508): --12509:1:mallocfr reclaimSuperblock at 0x63895000 (pszB 1048560)  owner VALGRIND/dinfo
I/start_valgrind.sh(12508): --12509:1:mallocfr newSuperblock at 0x62493000 (pszB  147440) unsplittable owner VALGRIND/ttaux
I/start_valgrind.sh(12508): --12509:1:mallocfr reclaimSuperblock at 0x6247B000 (pszB   98288) unsplittable owner VALGRIND/ttaux
I/start_valgrind.sh(12508): --12509:1: signals extending a stack base 0xbed7c000 down by 12288 new base 0xbed79000 to cover 0xbed79000
I/start_valgrind.sh(12508): --12509:2:  stacks   change stack 0 from [0xBED7C000-0xBED7EFFF] to [0xBED79000-0xBED7EFFF]
I/art     (12509): Counter: 1
I/start_valgrind.sh(12508): --12509:1:mallocfr newSuperblock at 0x624B7000 (pszB  221168) unsplittable owner VALGRIND/ttaux
I/start_valgrind.sh(12508): --12509:1:mallocfr reclaimSuperblock at 0x62493000 (pszB  147440) unsplittable owner VALGRIND/ttaux
I/start_valgrind.sh(12508): --12509:1:mallocfr newSuperblock at 0x624ED000 (pszB  331760) unsplittable owner VALGRIND/ttaux
I/start_valgrind.sh(12508): --12509:1:mallocfr reclaimSuperblock at 0x624B7000 (pszB  221168) unsplittable owner VALGRIND/ttaux
I/start_valgrind.sh(12508): --12509:1: aspacem allocated valgrind thread stack at 0x63895000 size 1064960
I/start_valgrind.sh(12508): --12509:2:  stacks   register [start-end] [0xE039000-0xE135FFF] as stack 1
I/start_valgrind.sh(12508): --12509:1:syswrap- run_a_thread_NORETURN(tid=2): pre-thread_wrapper
I/start_valgrind.sh(12508): --12509:1:syswrap- thread_wrapper(tid=2): entry
I/start_valgrind.sh(12508): --12509:1: aspacem allocated valgrind thread stack at 0x63999000 size 1064960
I/start_valgrind.sh(12508): --12509:2:  stacks   register [start-end] [0xE137000-0xE237FFF] as stack 2
I/start_valgrind.sh(12508): --12509:1:syswrap- run_a_thread_NORETURN(tid=3): pre-thread_wrapper
I/start_valgrind.sh(12508): --12509:1:syswrap- thread_wrapper(tid=3): entry
I/start_valgrind.sh(12508): --12509:1: aspacem allocated valgrind thread stack at 0x63a9d000 size 1064960
I/start_valgrind.sh(12508): --12509:2:  stacks   register [start-end] [0xE239000-0xE339FFF] as stack 3
I/start_valgrind.sh(12508): --12509:1:syswrap- run_a_thread_NORETURN(tid=4): pre-thread_wrapper
I/start_valgrind.sh(12508): --12509:1:syswrap- thread_wrapper(tid=4): entry
I/start_valgrind.sh(12508): --12509:1: aspacem allocated valgrind thread stack at 0x63ba1000 size 1064960
I/start_valgrind.sh(12508): --12509:2:  stacks   register [start-end] [0xE33B000-0xE43BFFF] as stack 4
I/start_valgrind.sh(12508): --12509:1:syswrap- run_a_thread_NORETURN(tid=5): pre-thread_wrapper
I/start_valgrind.sh(12508): --12509:1:syswrap- thread_wrapper(tid=5): entry
I/start_valgrind.sh(12508): --12509:1: aspacem allocated valgrind thread stack at 0x63ca5000 size 1064960
I/start_valgrind.sh(12508): --12509:2:  stacks   register [start-end] [0xE43D000-0xE53DFFF] as stack 5
I/start_valgrind.sh(12508): --12509:1:syswrap- run_a_thread_NORETURN(tid=6): pre-thread_wrapper
I/start_valgrind.sh(12508): --12509:1:syswrap- thread_wrapper(tid=6): entry
I/start_valgrind.sh(12508): --12509:1: aspacem allocated valgrind thread stack at 0x63da9000 size 1064960
I/start_valgrind.sh(12508): --12509:2:  stacks   register [start-end] [0xE53F000-0xE63FFFF] as stack 6
I/start_valgrind.sh(12508): --12509:1:syswrap- run_a_thread_NORETURN(tid=7): pre-thread_wrapper
I/start_valgrind.sh(12508): --12509:1:syswrap- thread_wrapper(tid=7): entry
E/memtrack(12509): Couldn't load memtrack module (No such file or directory)
E/android.os.Debug(12509): failed to load memtrack module: -2
I/start_valgrind.sh(12508): --12509:1:mallocfr newSuperblock at 0x63EAD000 (pszB  495600) unsplittable owner VALGRIND/ttaux
I/start_valgrind.sh(12508): --12509:1:mallocfr reclaimSuperblock at 0x624ED000 (pszB  331760) unsplittable owner VALGRIND/ttaux
I/start_valgrind.sh(12508): --12509:1: aspacem allocated valgrind thread stack at 0x63f26000 size 1064960
I/start_valgrind.sh(12508): --12509:2:  stacks   register [start-end] [0xE74E000-0xE84AFFF] as stack 7
I/start_valgrind.sh(12508): --12509:1:syswrap- run_a_thread_NORETURN(tid=8): pre-thread_wrapper
I/start_valgrind.sh(12508): --12509:1:syswrap- thread_wrapper(tid=8): entry
D/AndroidRuntime(12509): Calling main entry com.android.internal.os.WrapperInit
I/start_valgrind.sh(12508): --12509:1: aspacem allocated valgrind thread stack at 0x6402a000 size 1064960
I/start_valgrind.sh(12508): --12509:2:  stacks   register [start-end] [0xE850000-0xE94CFFF] as stack 8
I/start_valgrind.sh(12508): --12509:1:syswrap- run_a_thread_NORETURN(tid=9): pre-thread_wrapper
I/start_valgrind.sh(12508): --12509:1:syswrap- thread_wrapper(tid=9): entry
I/Zygote  ( 5883): Wrapped process has pid 12509
W/ActivityManager( 6173): Slow operation: 2702ms so far, now at startProcess: returned from zygote!
W/ActivityManager( 6173): Slow operation: 2703ms so far, now at startProcess: done updating battery stats
W/ActivityManager( 6173): Slow operation: 2703ms so far, now at startProcess: building log message
I/ActivityManager( 6173): Start proc 12509:com.example.jnitest/u0a58 for activity com.example.jnitest/.MainActivity
W/ActivityManager( 6173): Slow operation: 2703ms so far, now at startProcess: starting to update pids map
W/ActivityManager( 6173): Slow operation: 2703ms so far, now at startProcess: done updating pids map
W/ActivityManager( 6173): Slow operation: 2704ms so far, now at startProcess: done starting proc!
W/art     ( 6173): Long monitor contention event with owner method=void com.android.server.am.ActivityManagerService.activityPaused(android.os.IBinder) from ActivityManagerService.java:6313 waiters=0 for 2.666s
I/Choreographer( 6481): Skipped 162 frames!  The application may be doing too much work on its main thread.
D/EGL_emulation( 6481): eglMakeCurrent: 0xa10ba280: ver 2 0 (tinfo 0xb43fd6d0)
D/EGL_emulation( 6481): eglMakeCurrent: 0xa10ba280: ver 2 0 (tinfo 0xb43fd6d0)
D/Zygote  (12509): begin preload
D/EGL_emulation( 6481): eglMakeCurrent: 0xa10ba280: ver 2 0 (tinfo 0xb43fd6d0)
W/OpenGLRenderer( 6481): Incorrectly called buildLayer on View: aep, destroying layer...
D/EGL_emulation( 6481): eglMakeCurrent: 0xa10ba280: ver 2 0 (tinfo 0xb43fd6d0)
I/Zygote  (12509): Preloading classes...
W/art     ( 6173): Long monitor contention event with owner method=void com.android.server.am.ActivityManagerService.activityPaused(android.os.IBinder) from ActivityManagerService.java:6313 waiters=1 for 2.582s
