W/Resources(12509): Preloaded drawable resource #0x1080330 (android:drawable/ic_cab_done_holo_light) that varies with configuration!!
I/art     (12509): Explicit concurrent mark sweep GC freed 61(3KB) AllocSpace objects, 2(72KB) LOS objects, 66% free, 1672KB/4MB, paused 1.030ms total 20.989ms
W/Resources(12509): Preloaded drawable resource #0x10800d5 (android:drawable/btn_cab_done_default_holo_dark) that varies with configuration!!
W/Resources(12509): Preloaded drawable resource #0x10800d8 (android:drawable/btn_cab_done_focused_holo_light) that varies with configuration!!
W/Resources(12509): Preloaded drawable resource #0x10800d6 (android:drawable/btn_cab_done_default_holo_light) that varies with configuration!!
W/Resources(12509): Preloaded drawable resource #0x10800dd (android:drawable/btn_cab_done_pressed_holo_dark) that varies with configuration!!
W/Resources(12509): Preloaded drawable resource #0x10800d7 (android:drawable/btn_cab_done_focused_holo_dark) that varies with configuration!!
W/Resources(12509): Preloaded drawable resource #0x10800de (android:drawable/btn_cab_done_pressed_holo_light) that varies with configuration!!
W/Resources(12509): Preloaded drawable resource #0x108049d (android:drawable/list_pressed_holo_light) that varies with configuration!!
W/Resources(12509): Preloaded drawable resource #0x10800d8 (android:drawable/btn_cab_done_focused_holo_light) that varies with configuration!!
W/Resources(12509): Preloaded drawable resource #0x10800d6 (android:drawable/btn_cab_done_default_holo_light) that varies with configuration!!
W/Resources(12509): Preloaded drawable resource #0x10800da (android:drawable/btn_cab_done_holo_light) that varies with configuration!!
W/Resources(12509): Preloaded drawable resource #0x108049c (android:drawable/list_pressed_holo_dark) that varies with configuration!!
W/Resources(12509): Preloaded drawable resource #0x10800d7 (android:drawable/btn_cab_done_focused_holo_dark) that varies with configuration!!
W/Resources(12509): Preloaded drawable resource #0x10800d5 (android:drawable/btn_cab_done_default_holo_dark) that varies with configuration!!
W/Resources(12509): Preloaded drawable resource #0x10800d9 (android:drawable/btn_cab_done_holo_dark) that varies with configuration!!
W/Resources(12509): Preloaded drawable resource #0x1080038 (android:drawable/ic_menu_close_clear_cancel) that varies with configuration!!
I/art     (12509): Explicit concurrent mark sweep GC freed 318(21KB) AllocSpace objects, 2(72KB) LOS objects, 66% free, 1667KB/4MB, paused 907us total 12.376ms
W/Resources(12509): Preloaded drawable resource #0x10803d1 (android:drawable/ic_menu_copy_holo_dark) that varies with configuration!!
W/Resources(12509): Preloaded drawable resource #0x10803d2 (android:drawable/ic_menu_copy_holo_light) that varies with configuration!!
I/art     (12509): Explicit concurrent mark sweep GC freed 213(24KB) AllocSpace objects, 1(44KB) LOS objects, 66% free, 1690KB/4MB, paused 721us total 10.633ms
W/Resources(12509): Preloaded drawable resource #0x10803d5 (android:drawable/ic_menu_cut_holo_dark) that varies with configuration!!
W/Resources(12509): Preloaded drawable resource #0x10803d6 (android:drawable/ic_menu_cut_holo_light) that varies with configuration!!
I/art     (12509): Explicit concurrent mark sweep GC freed 57(3KB) AllocSpace objects, 2(88KB) LOS objects, 66% free, 1690KB/4MB, paused 1.109ms total 10.916ms
W/Resources(12509): Preloaded drawable resource #0x1080045 (android:drawable/ic_menu_more) that varies with configuration!!
W/Resources(12509): Preloaded drawable resource #0x10803ed (android:drawable/ic_menu_moreoverflow_normal_holo_dark) that varies with configuration!!
W/Resources(12509): Preloaded drawable resource #0x10803ea (android:drawable/ic_menu_moreoverflow_holo_dark) that varies with configuration!!
I/art     (12509): Explicit concurrent mark sweep GC freed 78(4KB) AllocSpace objects, 2(88KB) LOS objects, 66% free, 1691KB/4MB, paused 668us total 12.903ms
W/Resources(12509): Preloaded drawable resource #0x10803ee (android:drawable/ic_menu_moreoverflow_normal_holo_light) that varies with configuration!!
W/Resources(12509): Preloaded drawable resource #0x10803eb (android:drawable/ic_menu_moreoverflow_holo_light) that varies with configuration!!
W/Resources(12509): Preloaded drawable resource #0x10803f1 (android:drawable/ic_menu_paste_holo_dark) that varies with configuration!!
I/art     (12509): Explicit concurrent mark sweep GC freed 89(5KB) AllocSpace objects, 2(88KB) LOS objects, 66% free, 1692KB/4MB, paused 920us total 12.914ms
W/Resources(12509): Preloaded drawable resource #0x10803f2 (android:drawable/ic_menu_paste_holo_light) that varies with configuration!!
I/art     (12509): Explicit concurrent mark sweep GC freed 50(4KB) AllocSpace objects, 2(88KB) LOS objects, 66% free, 1649KB/4MB, paused 814us total 19.424ms
W/Resources(12509): Preloaded drawable resource #0x10803fb (android:drawable/ic_menu_selectall_holo_light) that varies with configuration!!
W/Resources(12509): Preloaded drawable resource #0x10803fa (android:drawable/ic_menu_selectall_holo_dark) that varies with configuration!!
I/art     (12509): Explicit concurrent mark sweep GC freed 51(3KB) AllocSpace objects, 1(44KB) LOS objects, 66% free, 1694KB/4MB, paused 1.879ms total 18.086ms
W/Resources(12509): Preloaded drawable resource #0x1080334 (android:drawable/ic_clear_disabled) that varies with configuration!!
W/Resources(12509): Preloaded drawable resource #0x1080339 (android:drawable/ic_clear_normal) that varies with configuration!!
W/Resources(12509): Preloaded drawable resource #0x1080333 (android:drawable/ic_clear) that varies with configuration!!
I/art     (12509): Explicit concurrent mark sweep GC freed 81(4KB) AllocSpace objects, 2(88KB) LOS objects, 66% free, 1695KB/4MB, paused 1.016ms total 15.293ms
W/Resources(12509): Preloaded drawable resource #0x1080334 (android:drawable/ic_clear_disabled) that varies with configuration!!
W/Resources(12509): Preloaded drawable resource #0x1080339 (android:drawable/ic_clear_normal) that varies with configuration!!
I/art     (12509): Explicit concurrent mark sweep GC freed 70(3KB) AllocSpace objects, 2(88KB) LOS objects, 66% free, 1694KB/4MB, paused 10.416ms total 33.057ms
W/Resources(12509): Preloaded drawable resource #0x108042e (android:drawable/ic_search_api_holo_dark) that varies with configuration!!
W/Resources(12509): Preloaded drawable resource #0x108042f (android:drawable/ic_search_api_holo_light) that varies with configuration!!
I/art     (12509): Explicit concurrent mark sweep GC freed 57(3KB) AllocSpace objects, 2(88KB) LOS objects, 66% free, 1663KB/4MB, paused 2.215ms total 27.453ms
W/Resources(12509): Preloaded drawable resource #0x1080361 (android:drawable/ic_go) that varies with configuration!!
W/Resources(12509): Preloaded drawable resource #0x108043c (android:drawable/ic_voice_search_api_holo_dark) that varies with configuration!!
I/art     (12509): Explicit concurrent mark sweep GC freed 57(3KB) AllocSpace objects, 2(56KB) LOS objects, 66% free, 1679KB/4MB, paused 714us total 14.103ms
W/Resources(12509): Preloaded drawable resource #0x108043d (android:drawable/ic_voice_search_api_holo_light) that varies with configuration!!
W/Resources(12509): Preloaded drawable resource #0x108028f (android:drawable/dialog_bottom_holo_dark) that varies with configuration!!
I/art     (12509): Explicit concurrent mark sweep GC freed 57(3KB) AllocSpace objects, 2(72KB) LOS objects, 66% free, 1718KB/5MB, paused 696us total 13.057ms
W/Resources(12509): Preloaded drawable resource #0x1080290 (android:drawable/dialog_bottom_holo_light) that varies with configuration!!
I/art     (12509): Explicit concurrent mark sweep GC freed 42(2320B) AllocSpace objects, 2(110KB) LOS objects, 66% free, 1689KB/4MB, paused 707us total 13.157ms
W/Resources(12509): Preloaded drawable resource #0x1080294 (android:drawable/dialog_full_holo_dark) that varies with configuration!!
I/art     (12509): Explicit concurrent mark sweep GC freed 36(2000B) AllocSpace objects, 1(82KB) LOS objects, 66% free, 1750KB/5MB, paused 751us total 11.391ms
W/Resources(12509): Preloaded drawable resource #0x1080295 (android:drawable/dialog_full_holo_light) that varies with configuration!!
I/art     (12509): Explicit concurrent mark sweep GC freed 36(2000B) AllocSpace objects, 1(143KB) LOS objects, 66% free, 1750KB/5MB, paused 1.643ms total 13.028ms
W/Resources(12509): Preloaded drawable resource #0x108029d (android:drawable/dialog_middle_holo_dark) that varies with configuration!!
I/art     (12509): Explicit concurrent mark sweep GC freed 36(2000B) AllocSpace objects, 1(143KB) LOS objects, 66% free, 1669KB/4MB, paused 3.210ms total 13.151ms
W/Resources(12509): Preloaded drawable resource #0x108029e (android:drawable/dialog_middle_holo_light) that varies with configuration!!
I/art     (12509): Explicit concurrent mark sweep GC freed 36(2000B) AllocSpace objects, 1(62KB) LOS objects, 66% free, 1670KB/4MB, paused 801us total 13.890ms
W/Resources(12509): Preloaded drawable resource #0x108029f (android:drawable/dialog_top_holo_dark) that varies with configuration!!
I/art     (12509): Explicit concurrent mark sweep GC freed 36(1984B) AllocSpace objects, 1(62KB) LOS objects, 66% free, 1690KB/4MB, paused 1.026ms total 16.114ms
W/Resources(12509): Preloaded drawable resource #0x10802a0 (android:drawable/dialog_top_holo_light) that varies with configuration!!
I/art     (12509): Explicit concurrent mark sweep GC freed 36(2000B) AllocSpace objects, 1(82KB) LOS objects, 66% free, 1690KB/4MB, paused 2.228ms total 13.274ms
W/Resources(12509): Preloaded drawable resource #0x1080350 (android:drawable/ic_dialog_alert_holo_dark) that varies with configuration!!
W/Resources(12509): Preloaded drawable resource #0x1080351 (android:drawable/ic_dialog_alert_holo_light) that varies with configuration!!
I/art     (12509): Explicit concurrent mark sweep GC freed 56(3KB) AllocSpace objects, 1(82KB) LOS objects, 66% free, 1696KB/4MB, paused 770us total 13.397ms
W/Resources(12509): Preloaded drawable resource #0x1080490 (android:drawable/list_divider_holo_dark) that varies with configuration!!
W/Resources(12509): Preloaded drawable resource #0x1080491 (android:drawable/list_divider_holo_light) that varies with configuration!!
W/Resources(12509): Preloaded drawable resource #0x1080491 (android:drawable/list_divider_holo_light) that varies with configuration!!
W/Resources(12509): Preloaded drawable resource #0x10800c1 (android:drawable/ab_transparent_dark_holo) that varies with configuration!!
W/Resources(12509): Preloaded drawable resource #0x10800bf (android:drawable/ab_stacked_transparent_dark_holo) that varies with configuration!!
I/art     (12509): Explicit concurrent mark sweep GC freed 112(7KB) AllocSpace objects, 2(88KB) LOS objects, 66% free, 1667KB/4MB, paused 688us total 13.041ms
W/Resources(12509): Preloaded drawable resource #0x10800a1 (android:drawable/ab_bottom_transparent_dark_holo) that varies with configuration!!
W/Resources(12509): Preloaded drawable resource #0x10800b7 (android:drawable/ab_solid_dark_holo) that varies with configuration!!
I/art     (12509): Explicit concurrent mark sweep GC freed 101(5KB) AllocSpace objects, 2(56KB) LOS objects, 66% free, 1666KB/4MB, paused 690us total 11.644ms
W/Resources(12509): Preloaded drawable resource #0x10800bc (android:drawable/ab_stacked_solid_dark_holo) that varies with configuration!!
W/Resources(12509): Preloaded drawable resource #0x108009e (android:drawable/ab_bottom_solid_dark_holo) that varies with configuration!!
I/art     (12509): Explicit concurrent mark sweep GC freed 65(3KB) AllocSpace objects, 2(56KB) LOS objects, 66% free, 1666KB/4MB, paused 675us total 12.193ms
W/Resources(12509): Preloaded drawable resource #0x10800c2 (android:drawable/ab_transparent_light_holo) that varies with configuration!!
W/Resources(12509): Preloaded drawable resource #0x10800c0 (android:drawable/ab_stacked_transparent_light_holo) that varies with configuration!!
I/art     (12509): Explicit concurrent mark sweep GC freed 65(3KB) AllocSpace objects, 2(56KB) LOS objects, 66% free, 1667KB/4MB, paused 726us total 12.735ms
W/Resources(12509): Preloaded drawable resource #0x10800a2 (android:drawable/ab_bottom_transparent_light_holo) that varies with configuration!!
W/Resources(12509): Preloaded drawable resource #0x10800b8 (android:drawable/ab_solid_light_holo) that varies with configuration!!
I/art     (12509): Explicit concurrent mark sweep GC freed 65(3KB) AllocSpace objects, 2(56KB) LOS objects, 66% free, 1667KB/4MB, paused 852us total 13.693ms
W/Resources(12509): Preloaded drawable resource #0x10800be (android:drawable/ab_stacked_solid_light_holo) that varies with configuration!!
W/Resources(12509): Preloaded drawable resource #0x10800a0 (android:drawable/ab_bottom_solid_light_holo) that varies with configuration!!
I/art     (12509): Explicit concurrent mark sweep GC freed 65(3KB) AllocSpace objects, 2(56KB) LOS objects, 66% free, 1667KB/4MB, paused 815us total 13.749ms
W/Resources(12509): Preloaded drawable resource #0x10800b9 (android:drawable/ab_solid_shadow_holo) that varies with configuration!!
W/Resources(12509): Preloaded drawable resource #0x10804bd (android:drawable/list_selector_disabled_holo_dark) that varies with configuration!!
W/Resources(12509): Preloaded drawable resource #0x10804bd (android:drawable/list_selector_disabled_holo_dark) that varies with configuration!!
W/Resources(12509): Preloaded drawable resource #0x108049c (android:drawable/list_pressed_holo_dark) that varies with configuration!!
W/Resources(12509): Preloaded drawable resource #0x108049a (android:drawable/list_longpressed_holo_dark) that varies with configuration!!
W/Resources(12509): Preloaded drawable resource #0x10804ba (android:drawable/list_selector_background_transition_holo_dark) that varies with configuration!!
W/Resources(12509): Preloaded drawable resource #0x108049c (android:drawable/list_pressed_holo_dark) that varies with configuration!!
W/Resources(12509): Preloaded drawable resource #0x108049a (android:drawable/list_longpressed_holo_dark) that varies with configuration!!
W/Resources(12509): Preloaded drawable resource #0x10804ba (android:drawable/list_selector_background_transition_holo_dark) that varies with configuration!!
W/Resources(12509): Preloaded drawable resource #0x1080495 (android:drawable/list_focused_holo) that varies with configuration!!
W/Resources(12509): Preloaded drawable resource #0x108044e (android:drawable/item_background_holo_dark) that varies with configuration!!
I/art     (12509): Explicit concurrent mark sweep GC freed 266(16KB) AllocSpace objects, 2(56KB) LOS objects, 66% free, 1688KB/4MB, paused 920us total 13.345ms
W/Resources(12509): Preloaded drawable resource #0x10804be (android:drawable/list_selector_disabled_holo_light) that varies with configuration!!
W/Resources(12509): Preloaded drawable resource #0x10804be (android:drawable/list_selector_disabled_holo_light) that varies with configuration!!
W/Resources(12509): Preloaded drawable resource #0x108049d (android:drawable/list_pressed_holo_light) that varies with configuration!!
W/Resources(12509): Preloaded drawable resource #0x108049b (android:drawable/list_longpressed_holo_light) that varies with configuration!!
W/Resources(12509): Preloaded drawable resource #0x10804bb (android:drawable/list_selector_background_transition_holo_light) that varies with configuration!!
W/Resources(12509): Preloaded drawable resource #0x108049d (android:drawable/list_pressed_holo_light) that varies with configuration!!
W/Resources(12509): Preloaded drawable resource #0x108049b (android:drawable/list_longpressed_holo_light) that varies with configuration!!
W/Resources(12509): Preloaded drawable resource #0x10804bb (android:drawable/list_selector_background_transition_holo_light) that varies with configuration!!
W/Resources(12509): Preloaded drawable resource #0x1080495 (android:drawable/list_focused_holo) that varies with configuration!!
W/Resources(12509): Preloaded drawable resource #0x108044f (android:drawable/item_background_holo_light) that varies with configuration!!
I/art     (12509): Explicit concurrent mark sweep GC freed 345(35KB) AllocSpace objects, 2(57KB) LOS objects, 66% free, 1679KB/4MB, paused 719us total 12.463ms
W/Resources(12509): Preloaded drawable resource #0x10802f2 (android:drawable/fastscroll_thumb_pressed_holo) that varies with configuration!!
W/Resources(12509): Preloaded drawable resource #0x10802ef (android:drawable/fastscroll_thumb_default_holo) that varies with configuration!!
W/Resources(12509): Preloaded drawable resource #0x10802f0 (android:drawable/fastscroll_thumb_holo) that varies with configuration!!
I/art     (12509): Explicit concurrent mark sweep GC freed 177(15KB) AllocSpace objects, 2(57KB) LOS objects, 66% free, 1742KB/5MB, paused 808us total 10.628ms
W/Resources(12509): Preloaded drawable resource #0x10802f2 (android:drawable/fastscroll_thumb_pressed_holo) that varies with configuration!!
I/art     (12509): Explicit concurrent mark sweep GC freed 50(2768B) AllocSpace objects, 2(129KB) LOS objects, 66% free, 1676KB/4MB, paused 686us total 10.181ms
W/Resources(12509): Preloaded drawable resource #0x10802ef (android:drawable/fastscroll_thumb_default_holo) that varies with configuration!!
I/art     (12509): Explicit concurrent mark sweep GC freed 31(1888B) AllocSpace objects, 1(64KB) LOS objects, 66% free, 1676KB/4MB, paused 658us total 11.508ms
W/Resources(12509): Preloaded drawable resource #0x10802f8 (android:drawable/fastscroll_track_pressed_holo_dark) that varies with configuration!!
W/Resources(12509): Preloaded drawable resource #0x10802f3 (android:drawable/fastscroll_track_default_holo_dark) that varies with configuration!!
W/Resources(12509): Preloaded drawable resource #0x10802f5 (android:drawable/fastscroll_track_holo_dark) that varies with configuration!!
W/Resources(12509): Preloaded drawable resource #0x10802f8 (android:drawable/fastscroll_track_pressed_holo_dark) that varies with configuration!!
W/Resources(12509): Preloaded drawable resource #0x10802f3 (android:drawable/fastscroll_track_default_holo_dark) that varies with configuration!!
W/Resources(12509): Preloaded drawable resource #0x10802e9 (android:drawable/fastscroll_label_left_holo_dark) that varies with configuration!!
I/art     (12509): Explicit concurrent mark sweep GC freed 130(8KB) AllocSpace objects, 1(64KB) LOS objects, 66% free, 1815KB/5MB, paused 690us total 11.210ms
W/Resources(12509): Preloaded drawable resource #0x10802ec (android:drawable/fastscroll_label_right_holo_dark) that varies with configuration!!
I/art     (12509): Explicit concurrent mark sweep GC freed 96(7KB) AllocSpace objects, 1(197KB) LOS objects, 66% free, 1809KB/5MB, paused 968us total 10.259ms
W/Resources(12509): Preloaded drawable resource #0x10802f9 (android:drawable/fastscroll_track_pressed_holo_light) that varies with configuration!!
W/Resources(12509): Preloaded drawable resource #0x10802f4 (android:drawable/fastscroll_track_default_holo_light) that varies with configuration!!
W/Resources(12509): Preloaded drawable resource #0x10802f6 (android:drawable/fastscroll_track_holo_light) that varies with configuration!!
W/Resources(12509): Preloaded drawable resource #0x10802f9 (android:drawable/fastscroll_track_pressed_holo_light) that varies with configuration!!
W/Resources(12509): Preloaded drawable resource #0x10802f4 (android:drawable/fastscroll_track_default_holo_light) that varies with configuration!!
W/Resources(12509): Preloaded drawable resource #0x10802ea (android:drawable/fastscroll_label_left_holo_light) that varies with configuration!!
I/art     (12509): Explicit concurrent mark sweep GC freed 135(9KB) AllocSpace objects, 1(197KB) LOS objects, 66% free, 1816KB/5MB, paused 706us total 11.889ms
W/Resources(12509): Preloaded drawable resource #0x10802ed (android:drawable/fastscroll_label_right_holo_light) that varies with configuration!!
I/art     (12509): Explicit concurrent mark sweep GC freed 96(7KB) AllocSpace objects, 1(197KB) LOS objects, 66% free, 1810KB/5MB, paused 981us total 11.790ms
W/Resources(12509): Preloaded drawable resource #0x10802ca (android:drawable/editbox_dropdown_background_dark) that varies with configuration!!
W/Resources(12509): Preloaded drawable resource #0x1080736 (android:drawable/textfield_search_selected_holo_dark) that varies with configuration!!
W/Resources(12509): Preloaded drawable resource #0x1080728 (android:drawable/textfield_search_default_holo_dark) that varies with configuration!!
W/Resources(12509): Preloaded drawable resource #0x1080738 (android:drawable/textfield_searchview_holo_dark) that varies with configuration!!
I/art     (12509): Explicit concurrent mark sweep GC freed 97(6KB) AllocSpace objects, 1(197KB) LOS objects, 66% free, 1658KB/4MB, paused 695us total 11.767ms
W/Resources(12509): Preloaded drawable resource #0x1080733 (android:drawable/textfield_search_right_selected_holo_dark) that varies with configuration!!
W/Resources(12509): Preloaded drawable resource #0x1080731 (android:drawable/textfield_search_right_default_holo_dark) that varies with configuration!!
W/Resources(12509): Preloaded drawable resource #0x108073a (android:drawable/textfield_searchview_right_holo_dark) that varies with configuration!!
W/Resources(12509): Preloaded drawable resource #0x1080737 (android:drawable/textfield_search_selected_holo_light) that varies with configuration!!
W/Resources(12509): Preloaded drawable resource #0x1080729 (android:drawable/textfield_search_default_holo_light) that varies with configuration!!
W/Resources(12509): Preloaded drawable resource #0x1080739 (android:drawable/textfield_searchview_holo_light) that varies with configuration!!
W/Resources(12509): Preloaded drawable resource #0x1080734 (android:drawable/textfield_search_right_selected_holo_light) that varies with configuration!!
W/Resources(12509): Preloaded drawable resource #0x1080732 (android:drawable/textfield_search_right_default_holo_light) that varies with configuration!!
W/Resources(12509): Preloaded drawable resource #0x108073b (android:drawable/textfield_searchview_right_holo_light) that varies with configuration!!
W/Resources(12509): Preloaded drawable resource #0x1080736 (android:drawable/textfield_search_selected_holo_dark) that varies with configuration!!
W/Resources(12509): Preloaded drawable resource #0x1080728 (android:drawable/textfield_search_default_holo_dark) that varies with configuration!!
W/Resources(12509): Preloaded drawable resource #0x1080733 (android:drawable/textfield_search_right_selected_holo_dark) that varies with configuration!!
W/Resources(12509): Preloaded drawable resource #0x1080731 (android:drawable/textfield_search_right_default_holo_dark) that varies with configuration!!
W/Resources(12509): Preloaded drawable resource #0x1080737 (android:drawable/textfield_search_selected_holo_light) that varies with configuration!!
W/Resources(12509): Preloaded drawable resource #0x1080729 (android:drawable/textfield_search_default_holo_light) that varies with configuration!!
I/art     (12509): Explicit concurrent mark sweep GC freed 353(26KB) AllocSpace objects, 1(39KB) LOS objects, 66% free, 1641KB/4MB, paused 678us total 12.673ms
W/Resources(12509): Preloaded drawable resource #0x1080734 (android:drawable/textfield_search_right_selected_holo_light) that varies with configuration!!
W/Resources(12509): Preloaded drawable resource #0x1080732 (android:drawable/textfield_search_right_default_holo_light) that varies with configuration!!
W/Resources(12509): Preloaded drawable resource #0x10806f2 (android:drawable/tab_unselected_holo) that varies with configuration!!
W/Resources(12509): Preloaded drawable resource #0x10806ed (android:drawable/tab_selected_holo) that varies with configuration!!
W/Resources(12509): Preloaded drawable resource #0x10806f1 (android:drawable/tab_unselected_focused_holo) that varies with configuration!!
W/Resources(12509): Preloaded drawable resource #0x10806ec (android:drawable/tab_selected_focused_holo) that varies with configuration!!
W/Resources(12509): Preloaded drawable resource #0x10806f3 (android:drawable/tab_unselected_pressed_holo) that varies with configuration!!
W/Resources(12509): Preloaded drawable resource #0x10806ee (android:drawable/tab_selected_pressed_holo) that varies with configuration!!
W/Resources(12509): Preloaded drawable resource #0x10806f3 (android:drawable/tab_unselected_pressed_holo) that varies with configuration!!
W/Resources(12509): Preloaded drawable resource #0x10806ee (android:drawable/tab_selected_pressed_holo) that varies with configuration!!
W/Resources(12509): Preloaded drawable resource #0x10806df (android:drawable/tab_indicator_holo) that varies with configuration!!
W/Resources(12509): Preloaded drawable resource #0x10806f2 (android:drawable/tab_unselected_holo) that varies with configuration!!
W/Resources(12509): Preloaded drawable resource #0x10806ed (android:drawable/tab_selected_holo) that varies with configuration!!
W/Resources(12509): Preloaded drawable resource #0x10806f1 (android:drawable/tab_unselected_focused_holo) that varies with configuration!!
W/Resources(12509): Preloaded drawable resource #0x10806ec (android:drawable/tab_selected_focused_holo) that varies with configuration!!
W/Resources(12509): Preloaded drawable resource #0x10806f3 (android:drawable/tab_unselected_pressed_holo) that varies with configuration!!
W/Resources(12509): Preloaded drawable resource #0x10806ee (android:drawable/tab_selected_pressed_holo) that varies with configuration!!
W/Resources(12509): Preloaded drawable resource #0x1080596 (android:drawable/quickcontact_badge_overlay_pressed_dark) that varies with configuration!!
W/Resources(12509): Preloaded drawable resource #0x108058d (android:drawable/quickcontact_badge_overlay_focused_dark) that varies with configuration!!
W/Resources(12509): Preloaded drawable resource #0x1080592 (android:drawable/quickcontact_badge_overlay_normal_dark) that varies with configuration!!
W/Resources(12509): Preloaded drawable resource #0x108058c (android:drawable/quickcontact_badge_overlay_dark) that varies with configuration!!
I/art     (12509): Explicit concurrent mark sweep GC freed 621(55KB) AllocSpace objects, 0(0B) LOS objects, 66% free, 1722KB/5MB, paused 702us total 11.625ms
W/Resources(12509): Preloaded drawable resource #0x1080592 (android:drawable/quickcontact_badge_overlay_normal_dark) that varies with configuration!!
W/Resources(12509): Preloaded drawable resource #0x1080596 (android:drawable/quickcontact_badge_overlay_pressed_dark) that varies with configuration!!
I/art     (12509): Explicit concurrent mark sweep GC freed 329(24KB) AllocSpace objects, 3(84KB) LOS objects, 66% free, 1674KB/4MB, paused 649us total 10.901ms
W/Resources(12509): Preloaded drawable resource #0x1080598 (android:drawable/quickcontact_badge_overlay_pressed_light) that varies with configuration!!
W/Resources(12509): Preloaded drawable resource #0x108058f (android:drawable/quickcontact_badge_overlay_focused_light) that varies with configuration!!
W/Resources(12509): Preloaded drawable resource #0x1080594 (android:drawable/quickcontact_badge_overlay_normal_light) that varies with configuration!!
W/Resources(12509): Preloaded drawable resource #0x1080591 (android:drawable/quickcontact_badge_overlay_light) that varies with configuration!!
I/art     (12509): Explicit concurrent mark sweep GC freed 118(7KB) AllocSpace objects, 2(56KB) LOS objects, 66% free, 1706KB/4MB, paused 703us total 10.839ms
W/Resources(12509): Preloaded drawable resource #0x1080594 (android:drawable/quickcontact_badge_overlay_normal_light) that varies with configuration!!
W/Resources(12509): Preloaded drawable resource #0x1080598 (android:drawable/quickcontact_badge_overlay_pressed_light) that varies with configuration!!
I/art     (12509): Explicit concurrent mark sweep GC freed 118(6KB) AllocSpace objects, 3(84KB) LOS objects, 66% free, 1675KB/4MB, paused 719us total 10.387ms
W/Resources(12509): Preloaded drawable resource #0x10800b5 (android:drawable/ab_share_pack_material) that varies with configuration!!
W/Resources(12509): Preloaded drawable resource #0x10800ba (android:drawable/ab_solid_shadow_material) that varies with configuration!!
W/Resources(12509): Preloaded drawable resource #0x10800db (android:drawable/btn_cab_done_material) that varies with configuration!!
W/Resources(12509): Preloaded drawable resource #0x10800e5 (android:drawable/btn_check_material_anim) that varies with configuration!!
I/art     (12509): Explicit concurrent mark sweep GC freed 582(31KB) AllocSpace objects, 2(56KB) LOS objects, 55% free, 3MB/7MB, paused 722us total 10.664ms
W/Resources(12509): Preloaded drawable resource #0x10801a1 (android:drawable/btn_radio_material_anim) that varies with configuration!!
I/art     (12509): Explicit concurrent mark sweep GC freed 801(60KB) AllocSpace objects, 36(1584KB) LOS objects, 55% free, 3MB/7MB, paused 670us total 11.794ms
W/Resources(12509): Preloaded drawable resource #0x1080215 (android:drawable/btn_star_material) that varies with configuration!!
I/art     (12509): Explicit concurrent mark sweep GC freed 306(15KB) AllocSpace objects, 36(1584KB) LOS objects, 66% free, 1768KB/5MB, paused 691us total 10.717ms
W/Resources(12509): Preloaded drawable resource #0x1080248 (android:drawable/btn_toggle_material) that varies with configuration!!
W/Resources(12509): Preloaded drawable resource #0x1080271 (android:drawable/cab_background_bottom_material) that varies with configuration!!
I/art     (12509): Explicit concurrent mark sweep GC freed 165(8KB) AllocSpace objects, 3(132KB) LOS objects, 66% free, 1677KB/4MB, paused 649us total 10.816ms
W/Resources(12509): Preloaded drawable resource #0x1080275 (android:drawable/cab_background_top_material) that varies with configuration!!
W/Resources(12509): Preloaded drawable resource #0x108028e (android:drawable/dialog_background_shadow_material) that varies with configuration!!
I/art     (12509): Explicit concurrent mark sweep GC freed 138(17KB) AllocSpace objects, 1(28KB) LOS objects, 65% free, 2MB/6MB, paused 681us total 10.456ms
W/Resources(12509): Preloaded drawable resource #0x10802c7 (android:drawable/edit_text_material) that varies with configuration!!
W/Resources(12509): Preloaded drawable resource #0x10802e3 (android:drawable/expander_group_material) that varies with configuration!!
I/art     (12509): Explicit concurrent mark sweep GC freed 188(9KB) AllocSpace objects, 2(503KB) LOS objects, 66% free, 1741KB/5MB, paused 644us total 10.612ms
W/Resources(12509): Preloaded drawable resource #0x1080343 (android:drawable/ic_commit_search_api_material) that varies with configuration!!
I/art     (12509): Explicit concurrent mark sweep GC freed 364(29KB) AllocSpace objects, 2(85KB) LOS objects, 66% free, 1693KB/4MB, paused 844us total 10.840ms
W/Resources(12509): Preloaded drawable resource #0x108035b (android:drawable/ic_find_next_material) that varies with configuration!!
I/art     (12509): Explicit concurrent mark sweep GC freed 276(10KB) AllocSpace objects, 1(44KB) LOS objects, 66% free, 1691KB/4MB, paused 642us total 10.909ms
W/Resources(12509): Preloaded drawable resource #0x108035f (android:drawable/ic_find_previous_material) that varies with configuration!!
I/art     (12509): Explicit concurrent mark sweep GC freed 148(6KB) AllocSpace objects, 1(44KB) LOS objects, 66% free, 1692KB/4MB, paused 676us total 11.188ms
W/Resources(12509): Preloaded drawable resource #0x10803ab (android:drawable/ic_media_route_connecting_material) that varies with configuration!!
I/art     (12509): Explicit concurrent mark sweep GC freed 105(5KB) AllocSpace objects, 1(44KB) LOS objects, 66% free, 1825KB/5MB, paused 705us total 10.889ms
W/Resources(12509): Preloaded drawable resource #0x10803ab (android:drawable/ic_media_route_connecting_material) that varies with configuration!!
W/Resources(12509): Preloaded drawable resource #0x10803b1 (android:drawable/ic_media_route_material) that varies with configuration!!
I/art     (12509): Explicit concurrent mark sweep GC freed 162(9KB) AllocSpace objects, 4(176KB) LOS objects, 66% free, 1959KB/5MB, paused 846us total 10.962ms
W/Resources(12509): Preloaded drawable resource #0x10803dd (android:drawable/ic_menu_find_material) that varies with configuration!!
I/art     (12509): Explicit concurrent mark sweep GC freed 1135(40KB) AllocSpace objects, 7(308KB) LOS objects, 66% free, 1702KB/4MB, paused 773us total 11.874ms
W/Resources(12509): Preloaded drawable resource #0x10803f8 (android:drawable/ic_menu_search_material) that varies with configuration!!
I/art     (12509): Explicit concurrent mark sweep GC freed 792(28KB) AllocSpace objects, 1(44KB) LOS objects, 66% free, 1692KB/4MB, paused 716us total 11.148ms
I/art     (12509): Explicit concurrent mark sweep GC freed 1373(47KB) AllocSpace objects, 1(28KB) LOS objects, 66% free, 1672KB/4MB, paused 689us total 10.033ms
W/Resources(12509): Preloaded drawable resource #0x1080493 (android:drawable/list_divider_material) that varies with configuration!!
W/Resources(12509): Preloaded drawable resource #0x10804a0 (android:drawable/list_section_divider_material) that varies with configuration!!
I/art     (12509): Explicit concurrent mark sweep GC freed 860(32KB) AllocSpace objects, 0(0B) LOS objects, 66% free, 1689KB/4MB, paused 659us total 11.044ms
W/Resources(12509): Preloaded drawable resource #0x1080564 (android:drawable/progress_horizontal_material) that varies with configuration!!
I/start_valgrind.sh(12508): --12509:1:mallocfr newSuperblock at 0x63EDD000 (pszB   65520)  owner VALGRIND/ttaux
I/art     (12509): Explicit concurrent mark sweep GC freed 1503(68KB) AllocSpace objects, 0(0B) LOS objects, 66% free, 1718KB/5MB, paused 756us total 13.276ms
W/Resources(12509): Preloaded drawable resource #0x10805ba (android:drawable/ratingbar_full_empty_material) that varies with configuration!!
I/art     (12509): Explicit concurrent mark sweep GC freed 586(31KB) AllocSpace objects, 0(0B) LOS objects, 66% free, 1915KB/5MB, paused 657us total 11.217ms
W/Resources(12509): Preloaded drawable resource #0x10805be (android:drawable/ratingbar_full_filled_material) that varies with configuration!!
I/art     (12509): Explicit concurrent mark sweep GC freed 261(13KB) AllocSpace objects, 2(178KB) LOS objects, 66% free, 1906KB/5MB, paused 670us total 11.050ms
W/Resources(12509): Preloaded drawable resource #0x10805ba (android:drawable/ratingbar_full_empty_material) that varies with configuration!!
W/Resources(12509): Preloaded drawable resource #0x10805ba (android:drawable/ratingbar_full_empty_material) that varies with configuration!!
W/Resources(12509): Preloaded drawable resource #0x10805be (android:drawable/ratingbar_full_filled_material) that varies with configuration!!
W/Resources(12509): Preloaded drawable resource #0x10805c1 (android:drawable/ratingbar_full_material) that varies with configuration!!
I/art     (12509): Explicit concurrent mark sweep GC freed 182(10KB) AllocSpace objects, 2(178KB) LOS objects, 64% free, 2MB/6MB, paused 704us total 11.253ms
W/Resources(12509): Preloaded drawable resource #0x10805d9 (android:drawable/scrubber_control_material_anim) that varies with configuration!!
I/art     (12509): Explicit concurrent mark sweep GC freed 290(19KB) AllocSpace objects, 6(534KB) LOS objects, 66% free, 1898KB/5MB, paused 706us total 11.291ms
W/Resources(12509): Preloaded drawable resource #0x10805e1 (android:drawable/scrubber_control_selector_material) that varies with configuration!!
W/Resources(12509): Preloaded drawable resource #0x10805ec (android:drawable/scrubber_progress_horizontal_material) that varies with configuration!!
I/art     (12509): Explicit concurrent mark sweep GC freed 290(127KB) AllocSpace objects, 2(43KB) LOS objects, 66% free, 1795KB/5MB, paused 715us total 11.011ms
W/Resources(12509): Preloaded drawable resource #0x1080624 (android:drawable/spinner_background_material) that varies with configuration!!
I/art     (12509): Explicit concurrent mark sweep GC freed 137(19KB) AllocSpace objects, 2(43KB) LOS objects, 66% free, 1808KB/5MB, paused 673us total 11.230ms
W/Resources(12509): Preloaded drawable resource #0x1080641 (android:drawable/spinner_textfield_background_material) that varies with configuration!!
I/art     (12509): Explicit concurrent mark sweep GC freed 198(9KB) AllocSpace objects, 3(69KB) LOS objects, 66% free, 1825KB/5MB, paused 664us total 11.232ms
W/Resources(12509): Preloaded drawable resource #0x10806b1 (android:drawable/switch_thumb_material_anim) that varies with configuration!!
I/art     (12509): Explicit concurrent mark sweep GC freed 495(37KB) AllocSpace objects, 3(69KB) LOS objects, 60% free, 2MB/6MB, paused 713us total 11.320ms
W/Resources(12509): Preloaded drawable resource #0x10806b6 (android:drawable/switch_track_material) that varies with configuration!!
W/Resources(12509): Preloaded drawable resource #0x10806e0 (android:drawable/tab_indicator_material) that varies with configuration!!
W/Resources(12509): Preloaded drawable resource #0x10806f7 (android:drawable/text_cursor_material) that varies with configuration!!
I/art     (12509): Explicit concurrent mark sweep GC freed 430(21KB) AllocSpace objects, 27(908KB) LOS objects, 66% free, 1785KB/5MB, paused 661us total 12.035ms
W/Resources(12509): Preloaded drawable resource #0x108072f (android:drawable/textfield_search_material) that varies with configuration!!
W/Resources(12509): Preloaded drawable resource #0x10806fd (android:drawable/text_select_handle_left_material) that varies with configuration!!
I/art     (12509): Explicit concurrent mark sweep GC freed 230(50KB) AllocSpace objects, 0(0B) LOS objects, 66% free, 1791KB/5MB, paused 656us total 10.906ms
W/Resources(12509): Preloaded drawable resource #0x1080700 (android:drawable/text_select_handle_middle_material) that varies with configuration!!
W/Resources(12509): Preloaded drawable resource #0x1080703 (android:drawable/text_select_handle_right_material) that varies with configuration!!
I/art     (12509): Explicit concurrent mark sweep GC freed 155(16KB) AllocSpace objects, 1(36KB) LOS objects, 66% free, 1804KB/5MB, paused 724us total 11.433ms
I/Zygote  (12509): ...preloaded 343 resources in 3636ms.
I/art     (12509): Explicit concurrent mark sweep GC freed 630(39KB) AllocSpace objects, 2(61KB) LOS objects, 66% free, 1753KB/5MB, paused 678us total 10.423ms
I/Zygote  (12509): ...preloaded 41 resources in 35ms.
I/art     (12509): Counter: 1
E/libEGL  (12509): load_driver(/system/lib/egl/libGLES_emulation.so): dlopen failed: library "/system/lib/egl/libGLES_emulation.so" not found
I/start_valgrind.sh(12508): --12509:1:hashtabl resizing table `di.storage.addStr.1' from 769 to 1543 (total elems 770)
D/libEGL  (12509): loaded /system/lib/egl/libEGL_emulation.so
D/libEGL  (12509): loaded /system/lib/egl/libGLESv1_CM_emulation.so
D/libEGL  (12509): loaded /system/lib/egl/libGLESv2_emulation.so
I/Zygote  (12509): Preloading shared libraries...
D/Zygote  (12509): end preload
D/EGL_emulation( 6481): eglMakeCurrent: 0xa10ba280: ver 2 0 (tinfo 0xb43fd6d0)
E/ConcurrentUtils( 6589): Queue length for executor GrecoExecutor with 1 threads is now 55. Perhaps some tasks are too long, or the pool is too small.
I/start_valgrind.sh(12508): --12509:1:mallocfr newSuperblock at 0x65348000 (pszB  741360) unsplittable owner VALGRIND/ttaux
I/start_valgrind.sh(12508): --12509:1:mallocfr reclaimSuperblock at 0x652CF000 (pszB  495600) unsplittable owner VALGRIND/ttaux
W/linker  (12509): libjniCalculator.so: unused DT entry: type 0x6ffffef5 arg 0x32c
I/start_valgrind.sh(12508): WARNING: linker: libjniCalculator.so: unused DT entry: type 0x6ffffef5 arg 0x32c
W/linker  (12509): libjniCalculator.so: unused DT entry: type 0x6ffffffe arg 0x3bc
W/linker  (12509): libjniCalculator.so: unused DT entry: type 0x6fffffff arg 0x1
I/start_valgrind.sh(12508): WARNING: linker: libjniCalculator.so: unused DT entry: type 0x6ffffffe arg 0x3bc
I/start_valgrind.sh(12508): WARNING: linker: libjniCalculator.so: unused DT entry: type 0x6fffffff arg 0x1
I/start_valgrind.sh(12508): --12509:1:mallocfr newSuperblock at 0x63F0D000 (pszB   65520)  owner VALGRIND/ttaux
I/start_valgrind.sh(12508): --12509:1:mallocfr newSuperblock at 0x65144000 (pszB   65520)  owner VALGRIND/ttaux
I/start_valgrind.sh(12508): --12509:1:mallocfr newSuperblock at 0x65154000 (pszB   65520)  owner VALGRIND/ttaux
I/start_valgrind.sh(12508): --12509:1:mallocfr deferred_reclaimSuperblock at 0x65144000 (pszB   65520)  (prev 0x0) owner VALGRIND/ttaux
W/art     (12509): Before Android 4.1, method android.graphics.PorterDuffColorFilter androidx.vectordrawable.graphics.drawable.VectorDrawableCompat.updateTintFilter(android.graphics.PorterDuffColorFilter, android.content.res.ColorStateList, android.graphics.PorterDuff$Mode) would have incorrectly overridden the package-private method in android.graphics.drawable.Drawable
I/start_valgrind.sh(12508): --12509:1:mallocfr deferred_reclaimSuperblock NULL (prev 0x65144000) owner VALGRIND/ttaux
I/start_valgrind.sh(12508): --12509:1:mallocfr reclaimSuperblock at 0x65144000 (pszB   65520)  owner VALGRIND/ttaux
I/start_valgrind.sh(12508): --12509:1:mallocfr newSuperblock at 0x65164000 (pszB   98288) unsplittable owner VALGRIND/ttaux
I/start_valgrind.sh(12508): --12509:1:mallocfr newSuperblock at 0x6517C000 (pszB  147440) unsplittable owner VALGRIND/ttaux
I/start_valgrind.sh(12508): --12509:1:mallocfr reclaimSuperblock at 0x65164000 (pszB   98288) unsplittable owner VALGRIND/ttaux
I/art     (12509): Rejecting re-init on previously-failed class java.lang.Class<androidx.core.view.ViewCompat$OnUnhandledKeyEventListenerWrapper>
I/art     (12509): Rejecting re-init on previously-failed class java.lang.Class<androidx.core.view.ViewCompat$OnUnhandledKeyEventListenerWrapper>
W/ActivityManager( 6173): Launch timeout has expired, giving up wake lock!
D/log     (12509): checksu
I/System.out(12509): checksu!
I/start_valgrind.sh(12508): --12509:1:mallocfr newSuperblock at 0x652CF000 (pszB  221168) unsplittable owner VALGRIND/ttaux
I/start_valgrind.sh(12508): --12509:1:mallocfr reclaimSuperblock at 0x6517C000 (pszB  147440) unsplittable owner VALGRIND/ttaux
I/start_valgrind.sh(12508): --12509:1: aspacem allocated valgrind thread stack at 0x66413000 size 1064960
I/start_valgrind.sh(12508): --12509:2:  stacks   register [start-end] [0x120CE000-0x121CAFFF] as stack 10
I/start_valgrind.sh(12508): --12509:1:syswrap- run_a_thread_NORETURN(tid=11): pre-thread_wrapper
I/start_valgrind.sh(12508): --12509:1:syswrap- thread_wrapper(tid=11): entry
D/OpenGLRenderer(12509): Use EGL_SWAP_BEHAVIOR_PRESERVED: true
V/WindowManager( 6173): Adding window Window{14786c10 u0 com.example.jnitest/com.example.jnitest.MainActivity} at 3 of 9 (before Window{bd055b0 u0 Starting com.example.jnitest})
I/start_valgrind.sh(12508): referenceTable GDEF length=670 1
I/start_valgrind.sh(12508): referenceTable GSUB length=7186 1
I/start_valgrind.sh(12508): referenceTable GPOS length=26482 1
I/start_valgrind.sh(12508): referenceTable head length=54 1
I/start_valgrind.sh(12508): referenceTable head length=54 1
D/        (12509): HostConnection::get() New Host Connection established 0x7f5e290, tid 12524
I/start_valgrind.sh(12508): --12509:1:mallocfr newSuperblock at 0x65164000 (pszB  331760) unsplittable owner VALGRIND/ttaux
I/start_valgrind.sh(12508): --12509:1:mallocfr reclaimSuperblock at 0x652CF000 (pszB  221168) unsplittable owner VALGRIND/ttaux
I/OpenGLRenderer(12509): Initialized EGL, version 1.4
W/OpenGLRenderer(12509): Failed to choose config with EGL_SWAP_BEHAVIOR_PRESERVED, retrying without...
D/EGL_emulation(12509): eglCreateContext: 0x7f36a00: maj 2 min 0 rcv 2
D/EGL_emulation(12509): eglMakeCurrent: 0x7f36a00: ver 2 0 (tinfo 0x7ee9f70)
D/OpenGLRenderer(12509): Enabling debug mode 0
D/EGL_emulation(12509): eglMakeCurrent: 0x7f36a00: ver 2 0 (tinfo 0x7ee9f70)
I/start_valgrind.sh(12508): --12509:1:mallocfr newSuperblock at 0x652CF000 (pszB  495600) unsplittable owner VALGRIND/ttaux
I/start_valgrind.sh(12508): --12509:1:mallocfr reclaimSuperblock at 0x65164000 (pszB  331760) unsplittable owner VALGRIND/ttaux
I/start_valgrind.sh(12508): --12509:1: aspacem allocated valgrind thread stack at 0x66517000 size 1064960
I/start_valgrind.sh(12508): --12509:1:mallocfr newSuperblock at 0x6661B000 (pszB 4194288)  owner VALGRIND/core
I/start_valgrind.sh(12508): --12509:2:  stacks   register [start-end] [0x121DF000-0x122DBFFF] as stack 11
I/start_valgrind.sh(12508): --12509:1:syswrap- run_a_thread_NORETURN(tid=12): pre-thread_wrapper
I/start_valgrind.sh(12508): --12509:1:syswrap- thread_wrapper(tid=12): entry
I/ActivityManager( 6173): Displayed com.example.jnitest/.MainActivity: +10s973ms
D/TaskPersister( 6173): removeObsoleteFile: deleting file=188_task.xml
