W/art     ( 6173): Long monitor contention event with owner method=void com.android.server.am.ActivityManagerService.activityPaused(android.os.IBinder) from ActivityManagerService.java:6313 waiters=2 for 2.588s
W/art     ( 6173): Long monitor contention event with owner method=void com.android.server.am.ActivityManagerService.activityPaused(android.os.IBinder) from ActivityManagerService.java:6313 waiters=3 for 2.440s
W/art     ( 6173): Long monitor contention event with owner method=void com.android.server.am.ActivityManagerService.activityPaused(android.os.IBinder) from ActivityManagerService.java:6313 waiters=4 for 1.492s
W/art     ( 6173): Long monitor contention event with owner method=void com.android.server.am.ActivityManagerService.activityPaused(android.os.IBinder) from ActivityManagerService.java:6313 waiters=5 for 1.494s
E/Zygote  (12509): setregid() failed. errno: 1
E/Zygote  (12509): setreuid() failed. errno: 1
E/cutils-trace(12509): Error opening trace file: Permission denied (13)
I/Icing   ( 6738): IndexChimeraService.getServiceInterface callingPackage=com.google.android.googlequicksearchbox componentName=null serviceId=21
I/art     (12509): Explicit concurrent mark sweep GC freed 1228(102KB) AllocSpace objects, 1(24KB) LOS objects, 92% free, 83KB/1107KB, paused 6.346ms total 173.398ms
I/art     (12509): Counter: 2
W/Icing   ( 6738): No valid account for uploading user actions
I/start_valgrind.sh(12508): --12509:1:mallocfr newSuperblock at 0x6247B000 (pszB   65520)  owner VALGRIND/ttaux
I/art     (12509): Explicit concurrent mark sweep GC freed 629(38KB) AllocSpace objects, 0(0B) LOS objects, 91% free, 97KB/1121KB, paused 878us total 49.800ms
I/art     (12509): Explicit concurrent mark sweep GC freed 655(41KB) AllocSpace objects, 0(0B) LOS objects, 90% free, 105KB/1129KB, paused 1.129ms total 8.743ms
I/Icing   ( 6738): Usage reports ok 0, Failed Usage reports 0, indexed 0, rejected 0
I/Icing   ( 6738): IndexChimeraService.getServiceInterface callingPackage=com.google.android.gms componentName=null serviceId=30
W/Icing   ( 6738): No valid account for uploading user actions
I/Icing   ( 6738): Usage reports ok 0, Failed Usage reports 0, indexed 0, rejected 0
I/start_valgrind.sh(12508): --12509:1:mallocfr newSuperblock at 0x6248B000 (pszB  741360) unsplittable owner VALGRIND/ttaux
I/start_valgrind.sh(12508): --12509:1:mallocfr reclaimSuperblock at 0x63EAD000 (pszB  495600) unsplittable owner VALGRIND/ttaux
I/start_valgrind.sh(12508): --12509:1:mallocfr newSuperblock at 0x6263B000 (pszB   65520)  owner VALGRIND/ttaux
I/start_valgrind.sh(12508): --12509:1:mallocfr newSuperblock at 0x63ECD000 (pszB   65520)  owner VALGRIND/ttaux
I/start_valgrind.sh(12508): --12509:1:mallocfr deferred_reclaimSuperblock at 0x6263B000 (pszB   65520)  (prev 0x0) owner VALGRIND/ttaux
I/art     (12509): Explicit concurrent mark sweep GC freed 280(20KB) AllocSpace objects, 2(80KB) LOS objects, 81% free, 226KB/1250KB, paused 821us total 8.643ms
I/start_valgrind.sh(12508): --12509:1:mallocfr deferred_reclaimSuperblock NULL (prev 0x6263B000) owner VALGRIND/ttaux
I/start_valgrind.sh(12508): --12509:1:mallocfr newSuperblock at 0x63EDD000 (pszB   98288) unsplittable owner VALGRIND/ttaux
W/ResourceType( 6269): No package identifier when getting value for resource number 0x00000000
W/PackageManager( 6269): Failure retrieving resources for com.example.jnitest: Resource ID #0x0
E/Minikin (12509): addFont failed to create font /system/fonts/NotoSansGujarati-Regular.ttf
E/Minikin (12509): addFont failed to create font /system/fonts/NotoSansGujarati-Bold.ttf
E/Minikin (12509): addFont failed to create font /system/fonts/NotoSansGujaratiUI-Regular.ttf
E/Minikin (12509): addFont failed to create font /system/fonts/NotoSansGujaratiUI-Bold.ttf
E/Minikin (12509): addFont failed to create font /system/fonts/NotoSansGurmukhi-Regular.ttf
E/Minikin (12509): addFont failed to create font /system/fonts/NotoSansGurmukhi-Bold.ttf
E/Minikin (12509): addFont failed to create font /system/fonts/NotoSansGurmukhiUI-Regular.ttf
E/Minikin (12509): addFont failed to create font /system/fonts/NotoSansGurmukhiUI-Bold.ttf
E/Minikin (12509): addFont failed to create font /system/fonts/NotoSansSinhala-Regular.ttf
E/Minikin (12509): addFont failed to create font /system/fonts/NotoSansSinhala-Bold.ttf
E/Minikin (12509): addFont failed to create font /system/fonts/NotoSansThaana-Regular.ttf
E/Minikin (12509): addFont failed to create font /system/fonts/NotoSansThaana-Bold.ttf
E/Minikin (12509): addFont failed to create font /system/fonts/NotoSansCham-Regular.ttf
E/Minikin (12509): addFont failed to create font /system/fonts/NotoSansCham-Bold.ttf
E/Minikin (12509): addFont failed to create font /system/fonts/NotoSansBalinese-Regular.ttf
E/Minikin (12509): addFont failed to create font /system/fonts/NotoSansBatak-Regular.ttf
E/Minikin (12509): addFont failed to create font /system/fonts/NotoSansBuginese-Regular.ttf
E/Minikin (12509): addFont failed to create font /system/fonts/NotoSansBuhid-Regular.ttf
E/Minikin (12509): addFont failed to create font /system/fonts/NotoSansCanadianAboriginal-Regular.ttf
E/Minikin (12509): addFont failed to create font /system/fonts/NotoSansCherokee-Regular.ttf
E/Minikin (12509): addFont failed to create font /system/fonts/NotoSansCoptic-Regular.ttf
E/Minikin (12509): addFont failed to create font /system/fonts/NotoSansGlagolitic-Regular.ttf
E/Minikin (12509): addFont failed to create font /system/fonts/NotoSansHanunoo-Regular.ttf
E/Minikin (12509): addFont failed to create font /system/fonts/NotoSansJavanese-Regular.ttf
E/Minikin (12509): addFont failed to create font /system/fonts/NotoSansKayahLi-Regular.ttf
E/Minikin (12509): addFont failed to create font /system/fonts/NotoSansLepcha-Regular.ttf
E/Minikin (12509): addFont failed to create font /system/fonts/NotoSansLimbu-Regular.ttf
E/Minikin (12509): addFont failed to create font /system/fonts/NotoSansMeeteiMayek-Regular.ttf
E/Minikin (12509): addFont failed to create font /system/fonts/NotoSansOlChiki-Regular.ttf
E/Minikin (12509): addFont failed to create font /system/fonts/NotoSansRejang-Regular.ttf
E/Minikin (12509): addFont failed to create font /system/fonts/NotoSansSaurashtra-Regular.ttf
E/Minikin (12509): addFont failed to create font /system/fonts/NotoSansSundanese-Regular.ttf
E/Minikin (12509): addFont failed to create font /system/fonts/NotoSansSylotiNagri-Regular.ttf
E/Minikin (12509): addFont failed to create font /system/fonts/NotoSansTagbanwa-Regular.ttf
E/Minikin (12509): addFont failed to create font /system/fonts/NotoSansTaiTham-Regular.ttf
E/Minikin (12509): addFont failed to create font /system/fonts/NotoSansTaiViet-Regular.ttf
E/Minikin (12509): addFont failed to create font /system/fonts/NotoSansTifinagh-Regular.ttf
E/Minikin (12509): addFont failed to create font /system/fonts/NotoSansYi-Regular.ttf
E/Minikin (12509): addFont failed to create font /system/fonts/Lohit-Odia.ttf
E/Minikin (12509): addFont failed to create font /system/fonts/NotoSansHans-Regular.otf
E/Minikin (12509): addFont failed to create font /system/fonts/NotoSansHant-Regular.otf
E/Minikin (12509): addFont failed to create font /system/fonts/NotoSansJP-Regular.otf
E/Minikin (12509): addFont failed to create font /system/fonts/NotoSansKR-Regular.otf
E/Minikin (12509): addFont failed to create font /system/fonts/NotoSansTaiLe-Regular.ttf
I/start_valgrind.sh(12508): --12509:1:mallocfr newSuperblock at 0x63EF5000 (pszB  147440) unsplittable owner VALGRIND/ttaux
I/start_valgrind.sh(12508): --12509:1:mallocfr reclaimSuperblock at 0x63EDD000 (pszB   98288) unsplittable owner VALGRIND/ttaux
I/art     (12509): Explicit concurrent mark sweep GC freed 1797(109KB) AllocSpace objects, 1(24KB) LOS objects, 81% free, 237KB/1261KB, paused 888us total 5.932ms
I/art     (12509): Explicit concurrent mark sweep GC freed 1933(92KB) AllocSpace objects, 0(0B) LOS objects, 78% free, 281KB/1305KB, paused 665us total 7.265ms
I/art     (12509): Explicit concurrent mark sweep GC freed 1977(87KB) AllocSpace objects, 0(0B) LOS objects, 76% free, 318KB/1342KB, paused 676us total 7.452ms
I/art     (12509): Explicit concurrent mark sweep GC freed 371(19KB) AllocSpace objects, 0(0B) LOS objects, 74% free, 353KB/1377KB, paused 670us total 6.964ms
I/start_valgrind.sh(12508): referenceTable GDEF length=670 1
I/start_valgrind.sh(12508): referenceTable GSUB length=7202 1
I/start_valgrind.sh(12508): referenceTable GPOS length=24560 1
I/start_valgrind.sh(12508): --12509:1:mallocfr newSuperblock at 0x65144000 (pszB  221168) unsplittable owner VALGRIND/ttaux
I/start_valgrind.sh(12508): --12509:1:mallocfr reclaimSuperblock at 0x63EF5000 (pszB  147440) unsplittable owner VALGRIND/ttaux
I/start_valgrind.sh(12508): --12509:1:mallocfr newSuperblock at 0x6517A000 (pszB 1048560)  owner VALGRIND/dinfo
I/start_valgrind.sh(12508): --12509:1:mallocfr deferred_reclaimSuperblock at 0x6517A000 (pszB 1048560)  (prev 0x0) owner VALGRIND/dinfo
I/start_valgrind.sh(12508): --12509:1:hashtabl resizing table `di.storage.addStr.1' from 769 to 1543 (total elems 770)
I/start_valgrind.sh(12508): --12509:1:hashtabl resizing table `di.storage.addStr.1' from 1543 to 3079 (total elems 1544)
I/start_valgrind.sh(12508): --12509:1:hashtabl resizing table `di.storage.addStr.1' from 3079 to 6151 (total elems 3080)
I/start_valgrind.sh(12508): --12509:1:mallocfr deferred_reclaimSuperblock at 0x6517A000 (pszB 1048560)  (prev 0x6517A000) owner VALGRIND/dinfo
I/start_valgrind.sh(12508): --12509:1:mallocfr deferred_reclaimSuperblock at 0x6517A000 (pszB 1048560)  (prev 0x6517A000) owner VALGRIND/dinfo
I/art     (12509): Thread[1,tid=12509,WaitingForJniOnLoad,Thread*=0x7c25800,peer=0x12c31100,"main"] recursive attempt to load library "/system/lib/libmedia_jni.so"
D/MtpDeviceJNI(12509): register_android_mtp_MtpDevice
I/art     (12509): Thread[1,tid=12509,WaitingForJniOnLoad,Thread*=0x7c25800,peer=0x12c31100,"main"] recursive attempt to load library "/system/lib/libmedia_jni.so"
I/art     (12509): Thread[1,tid=12509,WaitingForJniOnLoad,Thread*=0x7c25800,peer=0x12c31100,"main"] recursive attempt to load library "/system/lib/libmedia_jni.so"
I/art     (12509): Explicit concurrent mark sweep GC freed 621(36KB) AllocSpace objects, 0(0B) LOS objects, 73% free, 366KB/1390KB, paused 674us total 8.267ms
I/art     (12509): Explicit concurrent mark sweep GC freed 449(21KB) AllocSpace objects, 0(0B) LOS objects, 72% free, 394KB/1418KB, paused 641us total 7.711ms
I/art     (12509): Explicit concurrent mark sweep GC freed 541(30KB) AllocSpace objects, 0(0B) LOS objects, 70% free, 421KB/1445KB, paused 669us total 6.963ms
I/art     (12509): Explicit concurrent mark sweep GC freed 1868(110KB) AllocSpace objects, 0(0B) LOS objects, 63% free, 586KB/1610KB, paused 751us total 8.260ms
E/EmojiFactory_jni(12509): Failed to load libemoji.so: dlopen failed: library "libemoji.so" not found
I/art     (12509): Explicit concurrent mark sweep GC freed 350(45KB) AllocSpace objects, 0(0B) LOS objects, 53% free, 885KB/1909KB, paused 636us total 10.586ms
I/art     (12509): Explicit concurrent mark sweep GC freed 438(30KB) AllocSpace objects, 0(0B) LOS objects, 53% free, 903KB/1927KB, paused 674us total 7.830ms
I/art     (12509): Explicit concurrent mark sweep GC freed 789(49KB) AllocSpace objects, 0(0B) LOS objects, 53% free, 905KB/1929KB, paused 673us total 8.137ms
I/start_valgrind.sh(12508): --12509:1:mallocfr deferred_reclaimSuperblock NULL (prev 0x6517A000) owner VALGRIND/dinfo
I/start_valgrind.sh(12508): --12509:1:mallocfr reclaimSuperblock at 0x6517A000 (pszB 1048560)  owner VALGRIND/dinfo
I/start_valgrind.sh(12508): --12509:1:mallocfr newSuperblock at 0x6517A000 (pszB  331760) unsplittable owner VALGRIND/ttaux
I/start_valgrind.sh(12508): --12509:1:mallocfr reclaimSuperblock at 0x65144000 (pszB  221168) unsplittable owner VALGRIND/ttaux
I/art     (12509): Explicit concurrent mark sweep GC freed 628(34KB) AllocSpace objects, 0(0B) LOS objects, 52% free, 927KB/1951KB, paused 668us total 8.978ms
I/SamplingProfilerIntegration(12509): Profiling disabled.
I/art     (12509): Explicit concurrent mark sweep GC freed 570(40KB) AllocSpace objects, 0(0B) LOS objects, 52% free, 935KB/1959KB, paused 833us total 9.424ms
I/art     (12509): Explicit concurrent mark sweep GC freed 265(20KB) AllocSpace objects, 0(0B) LOS objects, 51% free, 963KB/1987KB, paused 869us total 10.709ms
I/art     (12509): WaitForGcToComplete blocked for 14.809ms for cause Explicit
I/art     (12509): Explicit concurrent mark sweep GC freed 25(1056B) AllocSpace objects, 0(0B) LOS objects, 43% free, 1342KB/2MB, paused 647us total 10.376ms
I/art     (12509): Explicit concurrent mark sweep GC freed 565(32KB) AllocSpace objects, 0(0B) LOS objects, 42% free, 1359KB/2MB, paused 821us total 10.026ms
I/art     (12509): Explicit concurrent mark sweep GC freed 732(45KB) AllocSpace objects, 0(0B) LOS objects, 42% free, 1362KB/2MB, paused 659us total 9.153ms
I/System  (12509): Loaded time zone names for "" in 114ms (106ms in ICU)
I/System  (12509): Loaded time zone names for "en_US" in 47ms (44ms in ICU)
I/art     (12509): Explicit concurrent mark sweep GC freed 2341(106KB) AllocSpace objects, 0(0B) LOS objects, 41% free, 1434KB/2MB, paused 742us total 11.124ms
I/art     (12509): Explicit concurrent mark sweep GC freed 136(12KB) AllocSpace objects, 0(0B) LOS objects, 40% free, 1499KB/2MB, paused 642us total 9.365ms
I/art     (12509): Explicit concurrent mark sweep GC freed 288(24KB) AllocSpace objects, 0(0B) LOS objects, 39% free, 1551KB/2MB, paused 719us total 11.515ms
I/art     (12509): Explicit concurrent mark sweep GC freed 679(47KB) AllocSpace objects, 0(0B) LOS objects, 39% free, 1553KB/2MB, paused 750us total 10.791ms
I/Zygote  (12509): ...preloaded 3005 classes in 2459ms.
I/art     (12509): VMRuntime.preloadDexCaches starting
I/art     (12509): VMRuntime.preloadDexCaches strings total=214639 before=39000 after=39000
I/art     (12509): VMRuntime.preloadDexCaches types total=18347 before=6389 after=6426
I/art     (12509): VMRuntime.preloadDexCaches fields total=85571 before=32265 after=32599
I/art     (12509): VMRuntime.preloadDexCaches methods total=151790 before=66837 after=67742
I/art     (12509): VMRuntime.preloadDexCaches finished
I/art     (12509): Counter: 1
E/Zygote  (12509): setreuid() failed. errno: 1
E/Zygote  (12509): setregid() failed. errno: 1
I/art     (12509): Counter: 2
I/art     (12509): Explicit concurrent mark sweep GC freed 71(16KB) AllocSpace objects, 0(0B) LOS objects, 66% free, 1539KB/4MB, paused 703us total 14.310ms
E/asset   (12521): setgid: Operation not permitted
I/start_valgrind.sh(12508): --12521:1:syswrap- thread_wrapper(tid=1): exit, schedreturncode VgSrc_ExitThread
I/start_valgrind.sh(12508): --12521:1:syswrap- run_a_thread_NORETURN(tid=1): post-thread_wrapper
I/start_valgrind.sh(12508): --12521:1:syswrap- run_a_thread_NORETURN(tid=1): last one standing
I/start_valgrind.sh(12508): --12521:1:    main entering VG_(shutdown_actions_NORETURN)
I/start_valgrind.sh(12508): --12521:1: aspacem <<< SHOW_SEGMENTS: Memory layout at client shutdown (551 segments)
I/start_valgrind.sh(12508): --12521:1: aspacem 186 segment names in 187 slots
I/start_valgrind.sh(12508): --12521:1: aspacem freelist begins at 6865
I/start_valgrind.sh(12508): --12521:1: aspacem (0,4,5) /data/local/tmp/Inst/lib/valgrind/none-x86-linux
I/start_valgrind.sh(12508): --12521:1: aspacem (1,57,3) /system/bin/app_process32
I/start_valgrind.sh(12508): --12521:1: aspacem (2,87,4) /system/bin/linker
I/start_valgrind.sh(12508): --12521:1: aspacem (3,110,4) /data/local/tmp/Inst/lib/valgrind/vgpreload_core-x86-linux.so
I/start_valgrind.sh(12508): --12521:1: aspacem (4,176,5) /system/lib/libandroid_runtime.so
I/start_valgrind.sh(12508): --12521:1: aspacem (5,214,5) /system/lib/libbinder.so
I/start_valgrind.sh(12508): --12521:1: aspacem (6,243,5) /system/lib/libc.so
I/start_valgrind.sh(12508): --12521:1: aspacem (7,267,5) /system/lib/libcutils.so
I/start_valgrind.sh(12508): --12521:1: aspacem (8,296,5) /system/lib/liblog.so
I/start_valgrind.sh(12508): --12521:1: aspacem (9,322,5) /system/lib/libm.so
I/start_valgrind.sh(12508): --12521:1: aspacem (10,346,5) /system/lib/libstdc++.so
I/start_valgrind.sh(12508): --12521:1: aspacem (11,375,5) /system/lib/libutils.so
I/start_valgrind.sh(12508): --12521:1: aspacem (12,403,5) /system/lib/libEGL.so
I/start_valgrind.sh(12508): --12521:1: aspacem (13,429,5) /system/lib/libETC1.so
I/start_valgrind.sh(12508): --12521:1: aspacem (14,456,5) /system/lib/libGLESv1_CM.so
I/start_valgrind.sh(12508): --12521:1: aspacem (15,488,5) /system/lib/libGLESv2.so
I/start_valgrind.sh(12508): --12521:1: aspacem (16,517,5) /system/lib/libandroidfw.so
I/start_valgrind.sh(12508): --12521:1: aspacem (17,549,5) /system/lib/libaudioutils.so
I/start_valgrind.sh(12508): --12521:1: aspacem (18,582,5) /system/lib/libcamera_client.so
I/start_valgrind.sh(12508): --12521:1: aspacem (19,618,5) /system/lib/libcamera_metadata.so
I/start_valgrind.sh(12508): --12521:1: aspacem (20,656,5) /system/lib/libcrypto.so
I/start_valgrind.sh(12508): --12521:1: aspacem (21,685,5) /system/lib/libexpat.so
I/start_valgrind.sh(12508): --12521:1: aspacem (22,713,5) /system/lib/libgui.so
I/start_valgrind.sh(12508): --12521:1: aspacem (23,739,5) /system/lib/libhardware.so
I/start_valgrind.sh(12508): --12521:1: aspacem (24,770,5) /system/lib/libhardware_legacy.so
I/start_valgrind.sh(12508): --12521:1: aspacem (25,808,5) /system/lib/libharfbuzz_ng.so
I/start_valgrind.sh(12508): --12521:1: aspacem (26,842,5) /system/lib/libhwui.so
I/start_valgrind.sh(12508): --12521:1: aspacem (27,869,5) /system/lib/libicui18n.so
I/start_valgrind.sh(12508): --12521:1: aspacem (28,899,5) /system/lib/libicuuc.so
I/start_valgrind.sh(12508): --12521:1: aspacem (29,927,5) /system/lib/libimg_utils.so
I/start_valgrind.sh(12508): --12521:1: aspacem (30,959,5) /system/lib/libinput.so
I/start_valgrind.sh(12508): --12521:1: aspacem (31,987,5) /system/lib/libinputflinger.so
I/start_valgrind.sh(12508): --12521:1: aspacem (32,1022,5) /system/lib/libjpeg.so
I/start_valgrind.sh(12508): --12521:1: aspacem (33,1049,5) /system/lib/libmedia.so
I/start_valgrind.sh(12508): --12521:1: aspacem (34,1077,5) /system/lib/libmemtrack.so
I/start_valgrind.sh(12508): --12521:1: aspacem (35,1108,5) /system/lib/libminikin.so
I/start_valgrind.sh(12508): --12521:1: aspacem (36,1138,5) /system/lib/libnativebridge.so
I/start_valgrind.sh(12508): --12521:1: aspacem (37,1173,5) /system/lib/libnativehelper.so
I/start_valgrind.sh(12508): --12521:1: aspacem (38,1208,5) /system/lib/libnetd_client.so
I/start_valgrind.sh(12508): --12521:1: aspacem (39,1242,5) /system/lib/libnetutils.so
I/start_valgrind.sh(12508): --12521:1: aspacem (40,1273,5) /system/lib/libpdfium.so
I/start_valgrind.sh(12508): --12521:1: aspacem (41,1302,5) /system/lib/libprocessgroup.so
I/start_valgrind.sh(12508): --12521:1: aspacem (42,1337,5) /system/lib/libselinux.so
I/start_valgrind.sh(12508): --12521:1: aspacem (43,1367,5) /system/lib/libskia.so
I/start_valgrind.sh(12508): --12521:1: aspacem (44,1394,5) /system/lib/libsonivox.so
I/start_valgrind.sh(12508): --12521:1: aspacem (45,1424,5) /system/lib/libsoundtrigger.so
I/start_valgrind.sh(12508): --12521:1: aspacem (46,1459,5) /system/lib/libsqlite.so
I/start_valgrind.sh(12508): --12521:1: aspacem (47,1488,5) /system/lib/libssl.so
I/start_valgrind.sh(12508): --12521:1: aspacem (48,1514,5) /system/lib/libstlport.so
I/start_valgrind.sh(12508): --12521:1: aspacem (49,1544,5) /system/lib/libui.so
I/start_valgrind.sh(12508): --12521:1: aspacem (50,1569,5) /system/lib/libusbhost.so
I/start_valgrind.sh(12508): --12521:1: aspacem (51,1599,5) /system/lib/libz.so
I/start_valgrind.sh(12508): --12521:1: aspacem (52,1623,5) /system/lib/libbacktrace.so
I/start_valgrind.sh(12508): --12521:1: aspacem (53,1655,5) /system/lib/libGLES_trace.so
I/start_valgrind.sh(12508): --12521:1: aspacem (54,1688,5) /system/lib/libspeexresampler.so
I/start_valgrind.sh(12508): --12521:1: aspacem (55,1725,5) /system/lib/libsync.so
I/start_valgrind.sh(12508): --12521:1: aspacem (56,1752,5) /system/lib/libRS.so
I/start_valgrind.sh(12508): --12521:1: aspacem (57,1777,5) /system/lib/libRScpp.so
I/start_valgrind.sh(12508): --12521:1: aspacem (58,1805,5) /system/lib/libgabi++.so
I/start_valgrind.sh(12508): --12521:1: aspacem (59,1834,5) /system/lib/libnbaio.so
I/start_valgrind.sh(12508): --12521:1: aspacem (60,1862,5) /system/lib/libstagefright_foundation.so
I/start_valgrind.sh(12508): --12521:1: aspacem (61,1907,5) /system/lib/libft2.so
I/start_valgrind.sh(12508): --12521:1: aspacem (62,1933,5) /system/lib/libpng.so
I/start_valgrind.sh(12508): --12521:1: aspacem (63,1959,5) /system/lib/libc++.so
I/start_valgrind.sh(12508): --12521:1: aspacem (64,1985,5) /system/lib/libpcre.so
I/start_valgrind.sh(12508): --12521:1: aspacem (65,2012,5) /system/lib/libgccdemangle.so
I/start_valgrind.sh(12508): --12521:1: aspacem (66,2046,5) /system/lib/libunwind.so
I/start_valgrind.sh(12508): --12521:1: aspacem (67,2075,5) /system/lib/libunwind-ptrace.so
I/start_valgrind.sh(12508): --12521:1: aspacem (68,2111,5) /system/lib/libLLVM.so
I/start_valgrind.sh(12508): --12521:1: aspacem (69,2138,5) /system/lib/libbcc.so
I/start_valgrind.sh(12508): --12521:1: aspacem (70,2164,5) /system/lib/libbcinfo.so
I/start_valgrind.sh(12508): --12521:1: aspacem (71,2193,5) /system/lib/libcommon_time_client.so
I/start_valgrind.sh(12508): --12521:1: aspacem (72,2234,5) /system/lib/libpowermanager.so
I/start_valgrind.sh(12508): --12521:1: aspacem (73,2269,1) /dev/__properties__
I/start_valgrind.sh(12508): --12521:1: aspacem (74,2293,5) /system/lib/libart.so
I/start_valgrind.sh(12508): --12521:1: aspacem (75,2319,5) /system/lib/libbacktrace_libc++.so
I/start_valgrind.sh(12508): --12521:1: aspacem (76,2358,5) /system/lib/libsigchain.so
I/start_valgrind.sh(12508): --12521:1: aspacem (77,2389,3) /data/dalvik-cache/x86/system@framework@boot.art
I/start_valgrind.sh(12508): --12521:1: aspacem (78,2442,9) /data/dalvik-cache/x86/system@framework@boot.oat
I/start_valgrind.sh(12508): --12521:1: aspacem (79,2495,80) /dev/ashmem
I/start_valgrind.sh(12508): --12521:1: aspacem (80,2511,5) /system/lib/libjavacore.so
I/start_valgrind.sh(12508): --12521:1: aspacem (81,2542,3) /system/usr/icu/icudt53l.dat
I/start_valgrind.sh(12508): --12521:1: aspacem (82,2575,1) /dev/binder
I/start_valgrind.sh(12508): --12521:1: aspacem (83,2613,1) /system/usr/share/zoneinfo/tzdata
I/start_valgrind.sh(12508): --12521:1: aspacem (84,2651,1) /system/fonts/Roboto-Thin.ttf
I/start_valgrind.sh(12508): --12521:1: aspacem (85,2685,1) /system/fonts/Roboto-ThinItalic.ttf
I/start_valgrind.sh(12508): --12521:1: aspacem (86,2725,1) /system/fonts/Roboto-Light.ttf
I/start_valgrind.sh(12508): --12521:1: aspacem (87,2760,1) /system/fonts/Roboto-LightItalic.ttf
I/start_valgrind.sh(12508): --12521:1: aspacem (88,2801,1) /system/fonts/Roboto-Regular.ttf
I/start_valgrind.sh(12508): --12521:1: aspacem (89,2838,1) /system/fonts/Roboto-Italic.ttf
I/start_valgrind.sh(12508): --12521:1: aspacem (90,2874,1) /system/fonts/Roboto-Medium.ttf
I/start_valgrind.sh(12508): --12521:1: aspacem (91,2910,1) /system/fonts/Roboto-MediumItalic.ttf
I/start_valgrind.sh(12508): --12521:1: aspacem (92,2952,1) /system/fonts/Roboto-Black.ttf
I/start_valgrind.sh(12508): --12521:1: aspacem (93,2987,1) /system/fonts/Roboto-BlackItalic.ttf
I/start_valgrind.sh(12508): --12521:1: aspacem (94,3028,1) /system/fonts/Roboto-Bold.ttf
I/start_valgrind.sh(12508): --12521:1: aspacem (95,3062,1) /system/fonts/Roboto-BoldItalic.ttf
I/start_valgrind.sh(12508): --12521:1: aspacem (96,3102,1) /system/fonts/NotoNaskh-Regular.ttf
I/start_valgrind.sh(12508): --12521:1: aspacem (97,3142,1) /system/fonts/NotoNaskh-Bold.ttf
I/start_valgrind.sh(12508): --12521:1: aspacem (98,3179,1) /system/fonts/NotoNaskhUI-Regular.ttf
I/start_valgrind.sh(12508): --12521:1: aspacem (99,3221,1) /system/fonts/NotoNaskhUI-Bold.ttf
I/start_valgrind.sh(12508): --12521:1: aspacem (100,3260,1) /system/fonts/NotoSansEthiopic-Regular.ttf
I/start_valgrind.sh(12508): --12521:1: aspacem (101,3307,1) /system/fonts/NotoSansEthiopic-Bold.ttf
I/start_valgrind.sh(12508): --12521:1: aspacem (102,3351,1) /system/fonts/NotoSansHebrew-Regular.ttf
I/start_valgrind.sh(12508): --12521:1: aspacem (103,3396,1) /system/fonts/NotoSansHebrew-Bold.ttf
I/start_valgrind.sh(12508): --12521:1: aspacem (104,3438,1) /system/fonts/NotoSansThai-Regular.ttf
I/start_valgrind.sh(12508): --12521:1: aspacem (105,3481,1) /system/fonts/NotoSansThai-Bold.ttf
I/start_valgrind.sh(12508): --12521:1: aspacem (106,3521,1) /system/fonts/NotoSansThaiUI-Regular.ttf
I/start_valgrind.sh(12508): --12521:1: aspacem (107,3566,1) /system/fonts/NotoSansThaiUI-Bold.ttf
I/start_valgrind.sh(12508): --12521:1: aspacem (108,3608,1) /system/fonts/NotoSansArmenian-Regular.ttf
I/start_valgrind.sh(12508): --12521:1: aspacem (109,3655,1) /system/fonts/NotoSansArmenian-Bold.ttf
I/start_valgrind.sh(12508): --12521:1: aspacem (110,3699,1) /system/fonts/NotoSansGeorgian-Regular.ttf
I/start_valgrind.sh(12508): --12521:1: aspacem (111,3746,1) /system/fonts/NotoSansGeorgian-Bold.ttf
I/start_valgrind.sh(12508): --12521:1: aspacem (112,3790,1) /system/fonts/NotoSansDevanagari-Regular.ttf
I/start_valgrind.sh(12508): --12521:1: aspacem (113,3839,1) /system/fonts/NotoSansDevanagari-Bold.ttf
I/start_valgrind.sh(12508): --12521:1: aspacem (114,3885,1) /system/fonts/NotoSansDevanagariUI-Regular.ttf
I/start_valgrind.sh(12508): --12521:1: aspacem (115,3936,1) /system/fonts/NotoSansDevanagariUI-Bold.ttf
I/start_valgrind.sh(12508): --12521:1: aspacem (116,3984,1) /system/fonts/NotoSansTamil-Regular.ttf
I/start_valgrind.sh(12508): --12521:1: aspacem (117,4028,1) /system/fonts/NotoSansTamil-Bold.ttf
I/start_valgrind.sh(12508): --12521:1: aspacem (118,4069,1) /system/fonts/NotoSansTamilUI-Regular.ttf
I/start_valgrind.sh(12508): --12521:1: aspacem (119,4115,1) /system/fonts/NotoSansTamilUI-Bold.ttf
I/start_valgrind.sh(12508): --12521:1: aspacem (120,4158,1) /system/fonts/NotoSansMalayalam-Regular.ttf
I/start_valgrind.sh(12508): --12521:1: aspacem (121,4206,1) /system/fonts/NotoSansMalayalam-Bold.ttf
I/start_valgrind.sh(12508): --12521:1: aspacem (122,4251,1) /system/fonts/NotoSansMalayalamUI-Regular.ttf
I/start_valgrind.sh(12508): --12521:1: aspacem (123,4301,1) /system/fonts/NotoSansMalayalamUI-Bold.ttf
I/start_valgrind.sh(12508): --12521:1: aspacem (124,4348,1) /system/fonts/NotoSansBengali-Regular.ttf
I/start_valgrind.sh(12508): --12521:1: aspacem (125,4394,1) /system/fonts/NotoSansBengali-Bold.ttf
I/start_valgrind.sh(12508): --12521:1: aspacem (126,4437,1) /system/fonts/NotoSansBengaliUI-Regular.ttf
I/start_valgrind.sh(12508): --12521:1: aspacem (127,4485,1) /system/fonts/NotoSansBengaliUI-Bold.ttf
I/start_valgrind.sh(12508): --12521:1: aspacem (128,4530,1) /system/fonts/NotoSansTelugu-Regular.ttf
I/start_valgrind.sh(12508): --12521:1: aspacem (129,4575,1) /system/fonts/NotoSansTelugu-Bold.ttf
I/start_valgrind.sh(12508): --12521:1: aspacem (130,4617,1) /system/fonts/NotoSansTeluguUI-Regular.ttf
I/start_valgrind.sh(12508): --12521:1: aspacem (131,4664,1) /system/fonts/NotoSansTeluguUI-Bold.ttf
I/start_valgrind.sh(12508): --12521:1: aspacem (132,4708,1) /system/fonts/NotoSansKannada-Regular.ttf
I/start_valgrind.sh(12508): --12521:1: aspacem (133,4754,1) /system/fonts/NotoSansKannada-Bold.ttf
I/start_valgrind.sh(12508): --12521:1: aspacem (134,4797,1) /system/fonts/NotoSansKannadaUI-Regular.ttf
I/start_valgrind.sh(12508): --12521:1: aspacem (135,4845,1) /system/fonts/NotoSansKannadaUI-Bold.ttf
I/start_valgrind.sh(12508): --12521:1: aspacem (136,4890,1) /system/fonts/NotoSansKhmer-Regular.ttf
I/start_valgrind.sh(12508): --12521:1: aspacem (137,4934,1) /system/fonts/NotoSansKhmer-Bold.ttf
I/start_valgrind.sh(12508): --12521:1: aspacem (138,4975,1) /system/fonts/NotoSansKhmerUI-Regular.ttf
I/start_valgrind.sh(12508): --12521:1: aspacem (139,5021,1) /system/fonts/NotoSansKhmerUI-Bold.ttf
I/start_valgrind.sh(12508): --12521:1: aspacem (140,5064,1) /system/fonts/NotoSansLao-Regular.ttf
I/start_valgrind.sh(12508): --12521:1: aspacem (141,5106,1) /system/fonts/NotoSansLao-Bold.ttf
I/start_valgrind.sh(12508): --12521:1: aspacem (142,5145,1) /system/fonts/NotoSansLaoUI-Regular.ttf
I/start_valgrind.sh(12508): --12521:1: aspacem (143,5189,1) /system/fonts/NotoSansLaoUI-Bold.ttf
I/start_valgrind.sh(12508): --12521:1: aspacem (144,5230,1) /system/fonts/NotoSansMyanmar-Regular.ttf
I/start_valgrind.sh(12508): --12521:1: aspacem (145,5276,1) /system/fonts/NotoSansMyanmar-Bold.ttf
I/start_valgrind.sh(12508): --12521:1: aspacem (146,5319,1) /system/fonts/NotoSansMyanmarUI-Regular.ttf
I/start_valgrind.sh(12508): --12521:1: aspacem (147,5367,1) /system/fonts/NotoSansMyanmarUI-Bold.ttf
I/start_valgrind.sh(12508): --12521:1: aspacem (148,5412,1) /system/fonts/NanumGothic.ttf
I/start_valgrind.sh(12508): --12521:1: aspacem (149,5446,1) /system/fonts/NotoSansSymbols-Regular-Subsetted.ttf
I/start_valgrind.sh(12508): --12521:1: aspacem (150,5502,1) /system/fonts/NotoColorEmoji.ttf
I/start_valgrind.sh(12508): --12521:1: aspacem (151,5539,1) /system/fonts/DroidSansFallback.ttf
I/start_valgrind.sh(12508): --12521:1: aspacem (152,5579,1) /system/fonts/MTLmr3m.ttf
I/start_valgrind.sh(12508): --12521:1: aspacem (153,5609,1) /system/fonts/RobotoCondensed-Light.ttf
I/start_valgrind.sh(12508): --12521:1: aspacem (154,5653,1) /system/fonts/RobotoCondensed-LightItalic.ttf
I/start_valgrind.sh(12508): --12521:1: aspacem (155,5703,1) /system/fonts/RobotoCondensed-Regular.ttf
I/start_valgrind.sh(12508): --12521:1: aspacem (156,5749,1) /system/fonts/RobotoCondensed-Italic.ttf
I/start_valgrind.sh(12508): --12521:1: aspacem (157,5794,1) /system/fonts/RobotoCondensed-Bold.ttf
I/start_valgrind.sh(12508): --12521:1: aspacem (158,5837,1) /system/fonts/RobotoCondensed-BoldItalic.ttf
I/start_valgrind.sh(12508): --12521:1: aspacem (159,5886,1) /system/fonts/NotoSerif-Regular.ttf
I/start_valgrind.sh(12508): --12521:1: aspacem (160,5926,1) /system/fonts/NotoSerif-Bold.ttf
I/start_valgrind.sh(12508): --12521:1: aspacem (161,5963,1) /system/fonts/NotoSerif-Italic.ttf
I/start_valgrind.sh(12508): --12521:1: aspacem (162,6002,1) /system/fonts/NotoSerif-BoldItalic.ttf
I/start_valgrind.sh(12508): --12521:1: aspacem (163,6045,1) /system/fonts/DroidSansMono.ttf
I/start_valgrind.sh(12508): --12521:1: aspacem (164,6081,1) /system/fonts/CutiveMono.ttf
I/start_valgrind.sh(12508): --12521:1: aspacem (165,6114,1) /system/fonts/ComingSoon.ttf
I/start_valgrind.sh(12508): --12521:1: aspacem (166,6147,1) /system/fonts/DancingScript-Regular.ttf
I/start_valgrind.sh(12508): --12521:1: aspacem (167,6191,1) /system/fonts/DancingScript-Bold.ttf
I/start_valgrind.sh(12508): --12521:1: aspacem (168,6232,1) /system/fonts/CarroisGothicSC-Regular.ttf
I/start_valgrind.sh(12508): --12521:1: aspacem (169,6278,5) /system/lib/libmedia_jni.so
I/start_valgrind.sh(12508): --12521:1: aspacem (170,6310,5) /system/lib/libexif.so
I/start_valgrind.sh(12508): --12521:1: aspacem (171,6337,5) /system/lib/libjhead.so
I/start_valgrind.sh(12508): --12521:1: aspacem (172,6365,5) /system/lib/libmtp.so
I/start_valgrind.sh(12508): --12521:1: aspacem (173,6391,5) /system/lib/libstagefright.so
I/start_valgrind.sh(12508): --12521:1: aspacem (174,6425,5) /system/lib/libstagefright_amrnb_common.so
I/start_valgrind.sh(12508): --12521:1: aspacem (175,6472,5) /system/lib/libdrmframework.so
I/start_valgrind.sh(12508): --12521:1: aspacem (176,6507,5) /system/lib/libopus.so
I/start_valgrind.sh(12508): --12521:1: aspacem (177,6534,5) /system/lib/libstagefright_avc_common.so
I/start_valgrind.sh(12508): --12521:1: aspacem (178,6579,5) /system/lib/libstagefright_enc_common.so
I/start_valgrind.sh(12508): --12521:1: aspacem (179,6624,5) /system/lib/libstagefright_omx.so
I/start_valgrind.sh(12508): --12521:1: aspacem (180,6662,5) /system/lib/libstagefright_yuv.so
I/start_valgrind.sh(12508): --12521:1: aspacem (181,6700,5) /system/lib/libvorbisidec.so
I/start_valgrind.sh(12508): --12521:1: aspacem (182,6733,5) /system/lib/libsoundpool.so
I/start_valgrind.sh(12508): --12521:1: aspacem (183,6765,5) /system/lib/libaudioeffect_jni.so
I/start_valgrind.sh(12508): --12521:1: aspacem (184,6803,5) /system/lib/librs_jni.so
I/start_valgrind.sh(12508): --12521:1: aspacem (185,6832,5) /system/lib/libjavacrypto.so
I/start_valgrind.sh(12508): --12521:1: aspacem (186,6865,0) [free slot: size=34  next=0]
I/start_valgrind.sh(12508): --12521:1: aspacem   0: RSVN 0000000000-0000107fff 1081344 ----- SmFixed
I/start_valgrind.sh(12508): --12521:1: aspacem   1: file 0000108000-000010bfff   16384 r-xT- d=0xfd00 i=205     o=0       (1,57)
I/start_valgrind.sh(12508): --12521:1: aspacem   2: file 000010c000-000010cfff    4096 r---- d=0xfd00 i=205     o=12288   (1,57)
I/start_valgrind.sh(12508): --12521:1: aspacem   3: anon 000010d000-000010dfff    4096 rw---
I/start_valgrind.sh(12508): --12521:1: aspacem   4: RSVN 000010e000-0003ffffff     62m ----- SmFixed
I/start_valgrind.sh(12508): --12521:1: aspacem   5: file 0004000000-0004015fff   90112 r-xT- d=0xfd00 i=271     o=0       (2,87)
I/start_valgrind.sh(12508): --12521:1: aspacem   6: anon 0004016000-0004016fff    4096 r----
I/start_valgrind.sh(12508): --12521:1: aspacem   7: file 0004017000-0004017fff    4096 r---- d=0xfd00 i=271     o=90112   (2,87)
I/start_valgrind.sh(12508): --12521:1: aspacem   8: file 0004018000-0004018fff    4096 rw--- d=0xfd00 i=271     o=94208   (2,87)
I/start_valgrind.sh(12508): --12521:1: aspacem   9: anon 0004019000-0004019fff    4096 rw---
I/start_valgrind.sh(12508): --12521:1: aspacem  10: anon 000401a000-000401afff    4096 rwx--
I/start_valgrind.sh(12508): --12521:1: aspacem  11: RSVN 000401b000-0004819fff 8384512 ----- SmLower
I/start_valgrind.sh(12508): --12521:1: aspacem  12: anon 000481a000-000481bfff    8192 rw---
I/start_valgrind.sh(12508): --12521:1: aspacem  13: anon 000481c000-000481cfff    4096 r----
I/start_valgrind.sh(12508): --12521:1: aspacem  14: anon 000481d000-000481dfff    4096 rw---
I/start_valgrind.sh(12508): --12521:1: aspacem  15: anon 000481e000-000481efff    4096 r----
I/start_valgrind.sh(12508): --12521:1: aspacem  16: file 000481f000-000481ffff    4096 r-x-- d=0xfd20 i=65889   o=0       (3,110)
I/start_valgrind.sh(12508): --12521:1: aspacem  17: file 0004820000-0004820fff    4096 r---- d=0xfd20 i=65889   o=0       (3,110)
I/start_valgrind.sh(12508): --12521:1: aspacem  18: file 0004821000-00049a0fff 1572864 r-xT- d=0xfd00 i=798     o=0       (4,176)
I/start_valgrind.sh(12508): --12521:1: aspacem  19: anon 00049a1000-00049a1fff    4096 -----
I/start_valgrind.sh(12508): --12521:1: aspacem  20: file 00049a2000-00049a8fff   28672 r---- d=0xfd00 i=798     o=1572864 (4,176)
I/start_valgrind.sh(12508): --12521:1: aspacem  21: file 00049a9000-00049b0fff   32768 rw--- d=0xfd00 i=798     o=1601536 (4,176)
I/start_valgrind.sh(12508): --12521:1: aspacem  22: anon 00049b1000-00049b1fff    4096 rw---
I/start_valgrind.sh(12508): --12521:1: aspacem  23: file 00049b2000-00049f6fff  282624 r-xT- d=0xfd00 i=816     o=0       (5,214)
I/start_valgrind.sh(12508): --12521:1: aspacem  24: anon 00049f7000-00049f7fff    4096 -----
I/start_valgrind.sh(12508): --12521:1: aspacem  25: file 00049f8000-00049fffff   32768 r---- d=0xfd00 i=816     o=282624  (5,214)
I/start_valgrind.sh(12508): --12521:1: aspacem  26: file 0004a00000-0004a00fff    4096 rw--- d=0xfd00 i=816     o=315392  (5,214)
I/start_valgrind.sh(12508): --12521:1: aspacem  27: file 0004a01000-0004ad7fff  880640 r-xT- d=0xfd00 i=818     o=0       (6,243)
I/start_valgrind.sh(12508): --12521:1: aspacem  28: anon 0004ad8000-0004ad8fff    4096 -----
I/start_valgrind.sh(12508): --12521:1: aspacem  29: file 0004ad9000-0004adbfff   12288 r---- d=0xfd00 i=818     o=880640  (6,243)
I/start_valgrind.sh(12508): --12521:1: aspacem  30: file 0004adc000-0004adefff   12288 rw--- d=0xfd00 i=818     o=892928  (6,243)
I/start_valgrind.sh(12508): --12521:1: aspacem  31: anon 0004adf000-0004ae8fff   40960 rw---
I/start_valgrind.sh(12508): --12521:1: aspacem  32: file 0004ae9000-0004afdfff   86016 r-xT- d=0xfd00 i=830     o=0       (7,267)
I/start_valgrind.sh(12508): --12521:1: aspacem  33: file 0004afe000-0004afefff    4096 r---- d=0xfd00 i=830     o=81920   (7,267)
I/start_valgrind.sh(12508): --12521:1: aspacem  34: file 0004aff000-0004afffff    4096 rw--- d=0xfd00 i=830     o=86016   (7,267)
I/start_valgrind.sh(12508): --12521:1: aspacem  35: file 0004b00000-0004b07fff   32768 r-xT- d=0xfd00 i=879     o=0       (8,296)
I/start_valgrind.sh(12508): --12521:1: aspacem  36: file 0004b08000-0004b08fff    4096 r---- d=0xfd00 i=879     o=28672   (8,296)
I/start_valgrind.sh(12508): --12521:1: aspacem  37: file 0004b09000-0004b09fff    4096 rw--- d=0xfd00 i=879     o=32768   (8,296)
I/start_valgrind.sh(12508): --12521:1: aspacem  38: file 0004b0a000-0004b29fff  131072 r-xT- d=0xfd00 i=881     o=0       (9,322)
I/start_valgrind.sh(12508): --12521:1: aspacem  39: file 0004b2a000-0004b2afff    4096 r---- d=0xfd00 i=881     o=126976  (9,322)
I/start_valgrind.sh(12508): --12521:1: aspacem  40: file 0004b2b000-0004b2bfff    4096 rw--- d=0xfd00 i=881     o=131072  (9,322)
I/start_valgrind.sh(12508): --12521:1: aspacem  41: file 0004b2c000-0004b2efff   12288 r-xT- d=0xfd00 i=959     o=0       (10,346)
I/start_valgrind.sh(12508): --12521:1: aspacem  42: file 0004b2f000-0004b2ffff    4096 r---- d=0xfd00 i=959     o=8192    (10,346)
I/start_valgrind.sh(12508): --12521:1: aspacem  43: file 0004b30000-0004b30fff    4096 rw--- d=0xfd00 i=959     o=12288   (10,346)
I/start_valgrind.sh(12508): --12521:1: aspacem  44: file 0004b31000-0004b55fff  151552 r-xT- d=0xfd00 i=973     o=0       (11,375)
I/start_valgrind.sh(12508): --12521:1: aspacem  45: anon 0004b56000-0004b56fff    4096 -----
I/start_valgrind.sh(12508): --12521:1: aspacem  46: file 0004b57000-0004b57fff    4096 r---- d=0xfd00 i=973     o=151552  (11,375)
I/start_valgrind.sh(12508): --12521:1: aspacem  47: file 0004b58000-0004b58fff    4096 rw--- d=0xfd00 i=973     o=155648  (11,375)
I/start_valgrind.sh(12508): --12521:1: aspacem  48: file 0004b59000-0004c0bfff  733184 r-xT- d=0xfd00 i=777     o=0       (12,403)
I/start_valgrind.sh(12508): --12521:1: aspacem  49: file 0004c0c000-0004c0dfff    8192 r---- d=0xfd00 i=777     o=729088  (12,403)
I/start_valgrind.sh(12508): --12521:1: aspacem  50: file 0004c0e000-0004c14fff   28672 rw--- d=0xfd00 i=777     o=737280  (12,403)
I/start_valgrind.sh(12508): --12521:1: aspacem  51: anon 0004c15000-0004c17fff   12288 rw---
I/start_valgrind.sh(12508): --12521:1: aspacem  52: anon 0004c18000-0004c18fff    4096 r----
I/start_valgrind.sh(12508): --12521:1: aspacem  53: file 0004c19000-0004c1bfff   12288 r-x-- d=0xfd00 i=778     o=0       (13,429)
I/start_valgrind.sh(12508): --12521:1: aspacem  54: file 0004c1c000-0004c1cfff    4096 r---- d=0xfd00 i=778     o=8192    (13,429)
I/start_valgrind.sh(12508): --12521:1: aspacem  55: file 0004c1d000-0004c1dfff    4096 rw--- d=0xfd00 i=778     o=12288   (13,429)
I/start_valgrind.sh(12508): --12521:1: aspacem  56: file 0004c1e000-0004c25fff   32768 r-x-- d=0xfd00 i=781     o=0       (14,456)
I/start_valgrind.sh(12508): --12521:1: aspacem  57: file 0004c26000-0004c26fff    4096 r---- d=0xfd00 i=781     o=28672   (14,456)
I/start_valgrind.sh(12508): --12521:1: aspacem  58: file 0004c27000-0004c27fff    4096 rw--- d=0xfd00 i=781     o=32768   (14,456)
I/start_valgrind.sh(12508): --12521:1: aspacem  59: anon 0004c28000-0004c28fff    4096 r----
I/start_valgrind.sh(12508): --12521:1: aspacem  60: file 0004c29000-0004c36fff   57344 r-x-- d=0xfd00 i=783     o=0       (15,488)
I/start_valgrind.sh(12508): --12521:1: aspacem  61: anon 0004c37000-0004c37fff    4096 -----
I/start_valgrind.sh(12508): --12521:1: aspacem  62: file 0004c38000-0004c38fff    4096 r---- d=0xfd00 i=783     o=57344   (15,488)
I/start_valgrind.sh(12508): --12521:1: aspacem  63: file 0004c39000-0004c39fff    4096 rw--- d=0xfd00 i=783     o=61440   (15,488)
I/start_valgrind.sh(12508): --12521:1: aspacem  64: file 0004c3a000-0004c77fff  253952 r-xT- d=0xfd00 i=800     o=0       (16,517)
I/start_valgrind.sh(12508): --12521:1: aspacem  65: file 0004c78000-0004c79fff    8192 r---- d=0xfd00 i=800     o=249856  (16,517)
I/start_valgrind.sh(12508): --12521:1: aspacem  66: file 0004c7a000-0004c7afff    4096 rw--- d=0xfd00 i=800     o=258048  (16,517)
I/start_valgrind.sh(12508): --12521:1: aspacem  67: file 0004c7b000-0004c80fff   24576 r-x-- d=0xfd00 i=810     o=0       (17,549)
I/start_valgrind.sh(12508): --12521:1: aspacem  68: file 0004c81000-0004c81fff    4096 r---- d=0xfd00 i=810     o=20480   (17,549)
I/start_valgrind.sh(12508): --12521:1: aspacem  69: file 0004c82000-0004c82fff    4096 rw--- d=0xfd00 i=810     o=24576   (17,549)
I/start_valgrind.sh(12508): --12521:1: aspacem  70: file 0004c83000-0004cd5fff  339968 r-xT- d=0xfd00 i=821     o=0       (18,582)
I/start_valgrind.sh(12508): --12521:1: aspacem  71: file 0004cd6000-0004ce0fff   45056 r---- d=0xfd00 i=821     o=335872  (18,582)
I/start_valgrind.sh(12508): --12521:1: aspacem  72: file 0004ce1000-0004ce1fff    4096 rw--- d=0xfd00 i=821     o=380928  (18,582)
I/start_valgrind.sh(12508): --12521:1: aspacem  73: file 0004ce2000-0004ce8fff   28672 r-x-- d=0xfd00 i=822     o=0       (19,618)
I/start_valgrind.sh(12508): --12521:1: aspacem  74: file 0004ce9000-0004ce9fff    4096 r---- d=0xfd00 i=822     o=24576   (19,618)
I/start_valgrind.sh(12508): --12521:1: aspacem  75: file 0004cea000-0004ceafff    4096 rw--- d=0xfd00 i=822     o=28672   (19,618)
I/start_valgrind.sh(12508): --12521:1: aspacem  76: file 0004ceb000-0004e56fff 1490944 r-xT- d=0xfd00 i=829     o=0       (20,656)
I/start_valgrind.sh(12508): --12521:1: aspacem  77: anon 0004e57000-0004e57fff    4096 -----
I/start_valgrind.sh(12508): --12521:1: aspacem  78: file 0004e58000-0004e66fff   61440 r---- d=0xfd00 i=829     o=1490944 (20,656)
I/start_valgrind.sh(12508): --12521:1: aspacem  79: file 0004e67000-0004e6cfff   24576 rw--- d=0xfd00 i=829     o=1552384 (20,656)
I/start_valgrind.sh(12508): --12521:1: aspacem  80: anon 0004e6d000-0004e6efff    8192 rw---
I/start_valgrind.sh(12508): --12521:1: aspacem  81: file 0004e6f000-0004e9dfff  192512 r-xT- d=0xfd00 i=838     o=0       (21,685)
I/start_valgrind.sh(12508): --12521:1: aspacem  82: anon 0004e9e000-0004e9efff    4096 -----
I/start_valgrind.sh(12508): --12521:1: aspacem  83: file 0004e9f000-0004ea0fff    8192 r---- d=0xfd00 i=838     o=192512  (21,685)
I/start_valgrind.sh(12508): --12521:1: aspacem  84: file 0004ea1000-0004ea1fff    4096 rw--- d=0xfd00 i=838     o=200704  (21,685)
I/start_valgrind.sh(12508): --12521:1: aspacem  85: file 0004ea2000-0004f14fff  471040 r-xT- d=0xfd00 i=856     o=0       (22,713)
I/start_valgrind.sh(12508): --12521:1: aspacem  86: anon 0004f15000-0004f15fff    4096 -----
I/start_valgrind.sh(12508): --12521:1: aspacem  87: file 0004f16000-0004f22fff   53248 r---- d=0xfd00 i=856     o=471040  (22,713)
I/start_valgrind.sh(12508): --12521:1: aspacem  88: file 0004f23000-0004f23fff    4096 rw--- d=0xfd00 i=856     o=524288  (22,713)
I/start_valgrind.sh(12508): --12521:1: aspacem  89: file 0004f24000-0004f24fff    4096 r-xT- d=0xfd00 i=857     o=0       (23,739)
I/start_valgrind.sh(12508): --12521:1: aspacem  90: file 0004f25000-0004f25fff    4096 r---- d=0xfd00 i=857     o=0       (23,739)
I/start_valgrind.sh(12508): --12521:1: aspacem  91: file 0004f26000-0004f26fff    4096 rw--- d=0xfd00 i=857     o=4096    (23,739)
I/start_valgrind.sh(12508): --12521:1: aspacem  92: file 0004f27000-0004f2cfff   24576 r-x-- d=0xfd00 i=858     o=0       (24,770)
I/start_valgrind.sh(12508): --12521:1: aspacem  93: file 0004f2d000-0004f2dfff    4096 r---- d=0xfd00 i=858     o=20480   (24,770)
I/start_valgrind.sh(12508): --12521:1: aspacem  94: file 0004f2e000-0004f2efff    4096 rw--- d=0xfd00 i=858     o=24576   (24,770)
I/start_valgrind.sh(12508): --12521:1: aspacem  95: anon 0004f2f000-0004f2ffff    4096 rw---
I/start_valgrind.sh(12508): --12521:1: aspacem  96: file 0004f30000-0004f85fff  352256 r-xT- d=0xfd00 i=859     o=0       (25,808)
I/start_valgrind.sh(12508): --12521:1: aspacem  97: file 0004f86000-0004f86fff    4096 r---- d=0xfd00 i=859     o=348160  (25,808)
I/start_valgrind.sh(12508): --12521:1: aspacem  98: file 0004f87000-0004f87fff    4096 rw--- d=0xfd00 i=859     o=352256  (25,808)
I/start_valgrind.sh(12508): --12521:1: aspacem  99: file 0004f88000-0005032fff  700416 r-xT- d=0xfd00 i=860     o=0       (26,842)
I/start_valgrind.sh(12508): --12521:1: aspacem 100: anon 0005033000-0005033fff    4096 -----
I/start_valgrind.sh(12508): --12521:1: aspacem 101: file 0005034000-0005037fff   16384 r---- d=0xfd00 i=860     o=700416  (26,842)
I/start_valgrind.sh(12508): --12521:1: aspacem 102: file 0005038000-0005038fff    4096 rw--- d=0xfd00 i=860     o=716800  (26,842)
I/start_valgrind.sh(12508): --12521:1: aspacem 103: anon 0005039000-0005039fff    4096 r----
I/start_valgrind.sh(12508): --12521:1: aspacem 104: file 000503a000-0005268fff 2289664 r-xT- d=0xfd00 i=861     o=0       (27,869)
I/start_valgrind.sh(12508): --12521:1: aspacem 105: file 0005269000-0005273fff   45056 r---- d=0xfd00 i=861     o=2285568 (27,869)
I/start_valgrind.sh(12508): --12521:1: aspacem 106: file 0005274000-0005274fff    4096 rw--- d=0xfd00 i=861     o=2330624 (27,869)
I/start_valgrind.sh(12508): --12521:1: aspacem 107: file 0005275000-0005412fff 1695744 r-xT- d=0xfd00 i=862     o=0       (28,899)
I/start_valgrind.sh(12508): --12521:1: aspacem 108: anon 0005413000-0005413fff    4096 -----
I/start_valgrind.sh(12508): --12521:1: aspacem 109: file 0005414000-000541efff   45056 r---- d=0xfd00 i=862     o=1695744 (28,899)
I/start_valgrind.sh(12508): --12521:1: aspacem 110: file 000541f000-000541ffff    4096 rw--- d=0xfd00 i=862     o=1740800 (28,899)
I/start_valgrind.sh(12508): --12521:1: aspacem 111: anon 0005420000-0005423fff   16384 rw---
I/start_valgrind.sh(12508): --12521:1: aspacem 112: file 0005424000-0005435fff   73728 r-xT- d=0xfd00 i=863     o=0       (29,927)
I/start_valgrind.sh(12508): --12521:1: aspacem 113: file 0005436000-0005437fff    8192 r---- d=0xfd00 i=863     o=69632   (29,927)
I/start_valgrind.sh(12508): --12521:1: aspacem 114: file 0005438000-0005438fff    4096 rw--- d=0xfd00 i=863     o=77824   (29,927)
I/start_valgrind.sh(12508): --12521:1: aspacem 115: file 0005439000-000545dfff  151552 r-xT- d=0xfd00 i=864     o=0       (30,959)
I/start_valgrind.sh(12508): --12521:1: aspacem 116: anon 000545e000-000545efff    4096 -----
I/start_valgrind.sh(12508): --12521:1: aspacem 117: file 000545f000-0005461fff   12288 r---- d=0xfd00 i=864     o=151552  (30,959)
I/start_valgrind.sh(12508): --12521:1: aspacem 118: file 0005462000-0005462fff    4096 rw--- d=0xfd00 i=864     o=163840  (30,959)
I/start_valgrind.sh(12508): --12521:1: aspacem 119: file 0005463000-00054bdfff  372736 r-x-- d=0xfd00 i=865     o=0       (31,987)
I/start_valgrind.sh(12508): --12521:1: aspacem 120: file 00054be000-00054c0fff   12288 r---- d=0xfd00 i=865     o=368640  (31,987)
I/start_valgrind.sh(12508): --12521:1: aspacem 121: file 00054c1000-00054c1fff    4096 rw--- d=0xfd00 i=865     o=380928  (31,987)
I/start_valgrind.sh(12508): --12521:1: aspacem 122: file 00054c2000-0005500fff  258048 r-x-- d=0xfd00 i=877     o=0       (32,1022)
I/start_valgrind.sh(12508): --12521:1: aspacem 123: file 0005501000-0005501fff    4096 r---- d=0xfd00 i=877     o=253952  (32,1022)
I/start_valgrind.sh(12508): --12521:1: aspacem 124: file 0005502000-0005502fff    4096 rw--- d=0xfd00 i=877     o=258048  (32,1022)
I/start_valgrind.sh(12508): --12521:1: aspacem 125: file 0005503000-00055ebfff  954368 r-xT- d=0xfd00 i=883     o=0       (33,1049)
I/start_valgrind.sh(12508): --12521:1: aspacem 126: file 00055ec000-0005608fff  118784 r---- d=0xfd00 i=883     o=950272  (33,1049)
I/start_valgrind.sh(12508): --12521:1: aspacem 127: file 0005609000-0005609fff    4096 rw--- d=0xfd00 i=883     o=1069056 (33,1049)
I/start_valgrind.sh(12508): --12521:1: aspacem 128: file 000560a000-000560afff    4096 r-xT- d=0xfd00 i=888     o=0       (34,1077)
I/start_valgrind.sh(12508): --12521:1: aspacem 129: file 000560b000-000560bfff    4096 r---- d=0xfd00 i=888     o=0       (34,1077)
I/start_valgrind.sh(12508): --12521:1: aspacem 130: file 000560c000-000560cfff    4096 rw--- d=0xfd00 i=888     o=4096    (34,1077)
I/start_valgrind.sh(12508): --12521:1: aspacem 131: file 000560d000-000561dfff   69632 r-xT- d=0xfd00 i=889     o=0       (35,1108)
I/start_valgrind.sh(12508): --12521:1: aspacem 132: file 000561e000-000561efff    4096 r---- d=0xfd00 i=889     o=65536   (35,1108)
I/start_valgrind.sh(12508): --12521:1: aspacem 133: file 000561f000-000561ffff    4096 rw--- d=0xfd00 i=889     o=69632   (35,1108)
I/start_valgrind.sh(12508): --12521:1: aspacem 134: file 0005620000-0005621fff    8192 r-xT- d=0xfd00 i=891     o=0       (36,1138)
I/start_valgrind.sh(12508): --12521:1: aspacem 135: file 0005622000-0005622fff    4096 r---- d=0xfd00 i=891     o=4096    (36,1138)
I/start_valgrind.sh(12508): --12521:1: aspacem 136: file 0005623000-0005623fff    4096 rw--- d=0xfd00 i=891     o=8192    (36,1138)
I/start_valgrind.sh(12508): --12521:1: aspacem 137: file 0005624000-0005629fff   24576 r-xT- d=0xfd00 i=892     o=0       (37,1173)
I/start_valgrind.sh(12508): --12521:1: aspacem 138: file 000562a000-000562afff    4096 r---- d=0xfd00 i=892     o=20480   (37,1173)
I/start_valgrind.sh(12508): --12521:1: aspacem 139: file 000562b000-000562bfff    4096 rw--- d=0xfd00 i=892     o=24576   (37,1173)
I/start_valgrind.sh(12508): --12521:1: aspacem 140: anon 000562c000-000562cfff    4096 rw---
I/start_valgrind.sh(12508): --12521:1: aspacem 141: file 000562d000-000562efff    8192 r-xT- d=0xfd00 i=894     o=0       (38,1208)
